Overriding config with config/benchmark_e_moe.py:
# E-stage fixed-capacity dispatch and Grouped GEMM formal benchmark.
#
# The formal matrix overrides only:
#   moe_dispatch_backend = loop | padded_torch | padded_triton
#   compile = False | True
#   benchmark_results_dir, benchmark_run_id, and benchmark_name

out_dir = "out-e-moe-benchmark"
eval_interval = 1000000
eval_iters = 20
log_interval = 1000000
eval_only = False
always_save_checkpoint = False
save_checkpoint = False
init_from = "scratch"

wandb_log = False

dataset = "tinystories_full"
gradient_accumulation_steps = 4
batch_size = 8
block_size = 512

n_layer = 8
n_head = 8
n_embd = 512
dropout = 0.0
bias = False

moe_num_experts = 4
moe_layer_index = 4
moe_capacity_factor = 1.25
moe_drop_tokens = True
moe_balance_loss_weight = 0.01
moe_dispatch_backend = "loop"

learning_rate = 3e-4
max_iters = 120
weight_decay = 1e-1
beta1 = 0.9
beta2 = 0.95
grad_clip = 1.0
decay_lr = False
warmup_iters = 20
lr_decay_iters = 120
min_lr = 3e-5

device = "cuda"
dtype = "bfloat16"
compile = False

benchmark = True
benchmark_warmup_steps = 20
benchmark_measure_steps = 100
benchmark_data_seed = 20260920
benchmark_results_dir = "results/e_triton_moe/benchmark/loop_eager"
benchmark_run_id = "run1"
benchmark_name = "E-stage Top-1 MoE dispatch benchmark"
benchmark_config_path = "config/benchmark_e_moe.py"

Overriding: moe_dispatch_backend = padded_triton
Overriding: compile = True
Overriding: benchmark_warmup_steps = 1
Overriding: benchmark_measure_steps = 1
Overriding: max_iters = 2
Overriding: benchmark_results_dir = results/e_triton_moe/diagnostics
Overriding: benchmark_run_id = graph_break_smoke
Overriding: benchmark_name = E padded Triton graph-break diagnostic
tokens per iteration will be: 16,384
found vocab_size = 50257 (inside data/tinystories_full/meta.pkl)
Initializing a new model from scratch
number of parameters: 57.20M
num decayed parameter tensors: 41, with 57,453,056 parameters
num non-decayed parameter tensors: 17, with 8,704 parameters
using fused AdamW: True
compiling the model... (takes a ~minute)
E padded Triton graph-break diagnostic: 1 warmup updates, 1 measured updates, run graph_break_smoke
E padded Triton graph-break diagnostic: median 272.387 ms/update, 60,150 tokens/s, peak 3273.3 MiB allocated, 3472.0 MiB reserved
wrote results/e_triton_moe/diagnostics/graph_break_smoke.json
