NCCL version 2.29.7+cuda13.2
number of parameters: 50.91M
number of parameters: 50.91M
number of parameters: 50.91M
number of parameters: 50.91M
deepspeed_zero0 profiler: world_size=4, startup=2, wait=1, warmup=1, active=3, run 4gpu_autodl
[2026-10-07 14:55:39,289] [WARNING] [torch_autocast.py:122:autocast_if_enabled] torch.autocast is enabled outside DeepSpeed but disabled within the DeepSpeed engine. If you are using DeepSpeed's built-in mixed precision, the engine will follow the settings in bf16/fp16 section. To use torch's native autocast instead, configure the `torch_autocast` section in the DeepSpeed config.
/root/miniconda3/lib/python3.12/site-packages/torch/profiler/profiler.py:272: UserWarning: Warning: Profiler clears events at the end of each cycle.Only events from the current cycle will be reported.To keep events across cycles, set acc_events=True.
  _warn_once(
/root/miniconda3/lib/python3.12/site-packages/torch/profiler/profiler.py:272: UserWarning: Warning: Profiler clears events at the end of each cycle.Only events from the current cycle will be reported.To keep events across cycles, set acc_events=True.
  _warn_once(
/root/miniconda3/lib/python3.12/site-packages/torch/profiler/profiler.py:272: UserWarning: Warning: Profiler clears events at the end of each cycle.Only events from the current cycle will be reported.To keep events across cycles, set acc_events=True.
  _warn_once(
/root/miniconda3/lib/python3.12/site-packages/torch/profiler/profiler.py:272: UserWarning: Warning: Profiler clears events at the end of each cycle.Only events from the current cycle will be reported.To keep events across cycles, set acc_events=True.
  _warn_once(
USDT:2026-10-07 14:55:40 1841:1841 ActivityProfilerController.cpp:415] profiler_start
USDT:2026-10-07 14:55:40 1840:1840 ActivityProfilerController.cpp:415] profiler_start
USDT:2026-10-07 14:55:40 1839:1839 ActivityProfilerController.cpp:415] profiler_start
USDT:2026-10-07 14:55:40 1842:1842 ActivityProfilerController.cpp:415] profiler_start
USDT:2026-10-07 14:55:40 1841:1841 ActivityProfilerController.cpp:455] profiler_stop
USDT:2026-10-07 14:55:40 1839:1839 ActivityProfilerController.cpp:455] profiler_stop
USDT:2026-10-07 14:55:40 1842:1842 ActivityProfilerController.cpp:455] profiler_stop
USDT:2026-10-07 14:55:40 1840:1840 ActivityProfilerController.cpp:455] profiler_stop
saved profiler manifest results/c_backend_profiler/deepspeed_zero0/4gpu_autodl_manifest.json
NCCL version 2.29.7+cuda13.2
number of parameters: 50.91M
number of parameters: 50.91M
number of parameters: 50.91M
number of parameters: 50.91M
deepspeed_zero1 profiler: world_size=4, startup=2, wait=1, warmup=1, active=3, run 4gpu_autodl
[2026-10-07 14:55:56,674] [WARNING] [torch_autocast.py:122:autocast_if_enabled] torch.autocast is enabled outside DeepSpeed but disabled within the DeepSpeed engine. If you are using DeepSpeed's built-in mixed precision, the engine will follow the settings in bf16/fp16 section. To use torch's native autocast instead, configure the `torch_autocast` section in the DeepSpeed config.
/root/miniconda3/lib/python3.12/site-packages/torch/profiler/profiler.py:272: UserWarning: Warning: Profiler clears events at the end of each cycle.Only events from the current cycle will be reported.To keep events across cycles, set acc_events=True.
  _warn_once(
/root/miniconda3/lib/python3.12/site-packages/torch/profiler/profiler.py:272: UserWarning: Warning: Profiler clears events at the end of each cycle.Only events from the current cycle will be reported.To keep events across cycles, set acc_events=True.
  _warn_once(
/root/miniconda3/lib/python3.12/site-packages/torch/profiler/profiler.py:272: UserWarning: Warning: Profiler clears events at the end of each cycle.Only events from the current cycle will be reported.To keep events across cycles, set acc_events=True.
  _warn_once(
/root/miniconda3/lib/python3.12/site-packages/torch/profiler/profiler.py:272: UserWarning: Warning: Profiler clears events at the end of each cycle.Only events from the current cycle will be reported.To keep events across cycles, set acc_events=True.
  _warn_once(
USDT:2026-10-07 14:55:57 2594:2594 ActivityProfilerController.cpp:415] profiler_startUSDT:2026-10-07 14:55:57 2592:2592 ActivityProfilerController.cpp:415] profiler_start

USDT:2026-10-07 14:55:57 2593:2593 ActivityProfilerController.cpp:415] profiler_start
USDT:2026-10-07 14:55:57 2591:2591 ActivityProfilerController.cpp:415] profiler_start
USDT:2026-10-07 14:55:57 2592:2592 ActivityProfilerController.cpp:455] profiler_stop
USDT:2026-10-07 14:55:57 2594:2594 ActivityProfilerController.cpp:455] profiler_stop
USDT:2026-10-07 14:55:57 2591:2591 ActivityProfilerController.cpp:455] profiler_stop
USDT:2026-10-07 14:55:57 2593:2593 ActivityProfilerController.cpp:455] profiler_stop
saved profiler manifest results/c_backend_profiler/deepspeed_zero1/4gpu_autodl_manifest.json
NCCL version 2.29.7+cuda13.2
number of parameters: 50.91M
number of parameters: 50.91M
number of parameters: 50.91M
number of parameters: 50.91M
deepspeed_zero2 profiler: world_size=4, startup=2, wait=1, warmup=1, active=3, run 4gpu_autodl
[2026-10-07 14:56:12,753] [WARNING] [torch_autocast.py:122:autocast_if_enabled] torch.autocast is enabled outside DeepSpeed but disabled within the DeepSpeed engine. If you are using DeepSpeed's built-in mixed precision, the engine will follow the settings in bf16/fp16 section. To use torch's native autocast instead, configure the `torch_autocast` section in the DeepSpeed config.
/root/miniconda3/lib/python3.12/site-packages/torch/profiler/profiler.py:272: UserWarning: Warning: Profiler clears events at the end of each cycle.Only events from the current cycle will be reported.To keep events across cycles, set acc_events=True.
  _warn_once(
/root/miniconda3/lib/python3.12/site-packages/torch/profiler/profiler.py:272: UserWarning: Warning: Profiler clears events at the end of each cycle.Only events from the current cycle will be reported.To keep events across cycles, set acc_events=True.
  _warn_once(
/root/miniconda3/lib/python3.12/site-packages/torch/profiler/profiler.py:272: UserWarning: Warning: Profiler clears events at the end of each cycle.Only events from the current cycle will be reported.To keep events across cycles, set acc_events=True.
  _warn_once(
/root/miniconda3/lib/python3.12/site-packages/torch/profiler/profiler.py:272: UserWarning: Warning: Profiler clears events at the end of each cycle.Only events from the current cycle will be reported.To keep events across cycles, set acc_events=True.
  _warn_once(
USDT:2026-10-07 14:56:13 3349:3349 ActivityProfilerController.cpp:415] profiler_start
USDT:2026-10-07 14:56:13 3350:3350 ActivityProfilerController.cpp:415] profiler_start
USDT:2026-10-07 14:56:13 3347:3347 ActivityProfilerController.cpp:415] profiler_start
USDT:2026-10-07 14:56:13 3348:3348 ActivityProfilerController.cpp:415] profiler_start
USDT:2026-10-07 14:56:13 3348:3348 ActivityProfilerController.cpp:455] profiler_stop
USDT:2026-10-07 14:56:13 3347:3347 ActivityProfilerController.cpp:455] profiler_stop
USDT:2026-10-07 14:56:13 3350:3350 ActivityProfilerController.cpp:455] profiler_stop
USDT:2026-10-07 14:56:13 3349:3349 ActivityProfilerController.cpp:455] profiler_stop
saved profiler manifest results/c_backend_profiler/deepspeed_zero2/4gpu_autodl_manifest.json
NCCL version 2.29.7+cuda13.2
number of parameters: 50.91M
number of parameters: 50.91M
number of parameters: 50.91M
number of parameters: 50.91M
deepspeed_zero3 profiler: world_size=4, startup=2, wait=1, warmup=1, active=3, run 4gpu_autodl
[2026-10-07 14:56:29,392] [WARNING] [torch_autocast.py:122:autocast_if_enabled] torch.autocast is enabled outside DeepSpeed but disabled within the DeepSpeed engine. If you are using DeepSpeed's built-in mixed precision, the engine will follow the settings in bf16/fp16 section. To use torch's native autocast instead, configure the `torch_autocast` section in the DeepSpeed config.
/root/miniconda3/lib/python3.12/site-packages/torch/profiler/profiler.py:272: UserWarning: Warning: Profiler clears events at the end of each cycle.Only events from the current cycle will be reported.To keep events across cycles, set acc_events=True.
  _warn_once(
/root/miniconda3/lib/python3.12/site-packages/torch/profiler/profiler.py:272: UserWarning: Warning: Profiler clears events at the end of each cycle.Only events from the current cycle will be reported.To keep events across cycles, set acc_events=True.
  _warn_once(
/root/miniconda3/lib/python3.12/site-packages/torch/profiler/profiler.py:272: UserWarning: Warning: Profiler clears events at the end of each cycle.Only events from the current cycle will be reported.To keep events across cycles, set acc_events=True.
  _warn_once(
/root/miniconda3/lib/python3.12/site-packages/torch/profiler/profiler.py:272: UserWarning: Warning: Profiler clears events at the end of each cycle.Only events from the current cycle will be reported.To keep events across cycles, set acc_events=True.
  _warn_once(
USDT:2026-10-07 14:56:30 4102:4102 ActivityProfilerController.cpp:415] profiler_startUSDT:2026-10-07 14:56:30 4103:4103 ActivityProfilerController.cpp:415] profiler_start

USDT:2026-10-07 14:56:30 4101:4101 ActivityProfilerController.cpp:415] profiler_start
USDT:2026-10-07 14:56:30 4100:4100 ActivityProfilerController.cpp:415] profiler_start
USDT:2026-10-07 14:56:30 4100:4100 ActivityProfilerController.cpp:455] profiler_stop
USDT:2026-10-07 14:56:30 4103:4103 ActivityProfilerController.cpp:455] profiler_stop
USDT:2026-10-07 14:56:30 4102:4102 ActivityProfilerController.cpp:455] profiler_stopUSDT:2026-10-07 14:56:30 4101:4101 ActivityProfilerController.cpp:455] profiler_stop

saved profiler manifest results/c_backend_profiler/deepspeed_zero3/4gpu_autodl_manifest.json
NCCL version 2.29.7+cuda13.2
number of parameters: 50.91M
number of parameters: 50.91M
number of parameters: 50.91M
number of parameters: 50.91M
fsdp2 profiler: world_size=4, startup=2, wait=1, warmup=1, active=3, run 4gpu_autodl
/root/miniconda3/lib/python3.12/site-packages/torch/profiler/profiler.py:272: UserWarning: Warning: Profiler clears events at the end of each cycle.Only events from the current cycle will be reported.To keep events across cycles, set acc_events=True.
  _warn_once(
/root/miniconda3/lib/python3.12/site-packages/torch/profiler/profiler.py:272: UserWarning: Warning: Profiler clears events at the end of each cycle.Only events from the current cycle will be reported.To keep events across cycles, set acc_events=True.
  _warn_once(
/root/miniconda3/lib/python3.12/site-packages/torch/profiler/profiler.py:272: UserWarning: Warning: Profiler clears events at the end of each cycle.Only events from the current cycle will be reported.To keep events across cycles, set acc_events=True.
  _warn_once(
/root/miniconda3/lib/python3.12/site-packages/torch/profiler/profiler.py:272: UserWarning: Warning: Profiler clears events at the end of each cycle.Only events from the current cycle will be reported.To keep events across cycles, set acc_events=True.
  _warn_once(
USDT:2026-10-07 14:56:46 4857:4857 ActivityProfilerController.cpp:415] profiler_startUSDT:2026-10-07 14:56:46 4856:4856 ActivityProfilerController.cpp:415] profiler_start
USDT:2026-10-07 14:56:46 4855:4855 ActivityProfilerController.cpp:415] profiler_start

USDT:2026-10-07 14:56:46 4854:4854 ActivityProfilerController.cpp:415] profiler_start
USDT:2026-10-07 14:56:46 4854:4854 ActivityProfilerController.cpp:455] profiler_stop
USDT:2026-10-07 14:56:46 4856:4856 ActivityProfilerController.cpp:455] profiler_stop
USDT:2026-10-07 14:56:46 4857:4857 ActivityProfilerController.cpp:455] profiler_stop
USDT:2026-10-07 14:56:46 4855:4855 ActivityProfilerController.cpp:455] profiler_stop
saved profiler manifest results/c_backend_profiler/fsdp2/4gpu_autodl_manifest.json
C6/C7 backend profiler summary
  deepspeed_zero0: all_reduce
  deepspeed_zero1: all_gather, all_reduce
  deepspeed_zero2: all_gather, all_reduce
  deepspeed_zero3: all_gather, all_reduce, reduce_scatter
  fsdp2: all_gather, all_reduce, other_collective, reduce_scatter
wrote results/c_backend_profiler/summary.json
