nohup: ignoring input
NCCL version 2.29.7+cuda13.2
number of parameters: 50.91M
number of parameters: 50.91M
number of parameters: 50.91M
number of parameters: 50.91M
update 1/28931 loss 10.916504
update 10/28931 loss 8.095785
update 20/28931 loss 6.422910
update 30/28931 loss 5.602013
update 40/28931 loss 5.317005
update 50/28931 loss 4.876732
update 60/28931 loss 4.518662
update 70/28931 loss 4.489047
update 80/28931 loss 4.390875
update 90/28931 loss 4.247551
update 100/28931 loss 4.127420
update 110/28931 loss 4.068178
update 120/28931 loss 3.926032
update 130/28931 loss 4.023509
update 140/28931 loss 3.828720
update 150/28931 loss 3.845907
update 160/28931 loss 3.905787
update 170/28931 loss 3.774260
update 180/28931 loss 3.804538
update 190/28931 loss 3.770197
update 200/28931 loss 3.648021
update 210/28931 loss 3.621261
update 220/28931 loss 3.708809
update 230/28931 loss 3.642750
update 240/28931 loss 3.546815
update 250/28931 loss 3.525355
update 260/28931 loss 3.539961
update 270/28931 loss 3.485662
update 280/28931 loss 3.466040
update 290/28931 loss 3.357013
update 300/28931 loss 3.437821
update 310/28931 loss 3.278297
update 320/28931 loss 3.286662
update 330/28931 loss 3.279249
update 340/28931 loss 3.123632
update 350/28931 loss 3.208579
update 360/28931 loss 3.149077
update 370/28931 loss 3.206664
update 380/28931 loss 3.130687
update 390/28931 loss 3.129749
update 400/28931 loss 2.997131
update 410/28931 loss 3.133611
update 420/28931 loss 3.010848
update 430/28931 loss 2.942313
update 440/28931 loss 2.978315
update 450/28931 loss 3.008221
update 460/28931 loss 2.936897
update 470/28931 loss 2.909341
update 480/28931 loss 2.792330
update 490/28931 loss 2.948511
update 500/28931 loss 2.881343
update 510/28931 loss 2.856104
update 520/28931 loss 2.709778
update 530/28931 loss 2.806687
update 540/28931 loss 2.831473
update 550/28931 loss 2.861178
update 560/28931 loss 2.797441
update 570/28931 loss 2.761926
update 580/28931 loss 2.598017
update 590/28931 loss 2.637592
update 600/28931 loss 2.631481
update 610/28931 loss 2.738095
update 620/28931 loss 2.570748
update 630/28931 loss 2.666704
update 640/28931 loss 2.592576
update 650/28931 loss 2.823873
update 660/28931 loss 2.693101
update 670/28931 loss 2.669063
update 680/28931 loss 2.599283
update 690/28931 loss 2.592984
update 700/28931 loss 2.541013
update 710/28931 loss 2.660799
update 720/28931 loss 2.644204
update 730/28931 loss 2.533804
update 740/28931 loss 2.580008
update 750/28931 loss 2.570650
update 760/28931 loss 2.564037
update 770/28931 loss 2.527149
update 780/28931 loss 2.454097
update 790/28931 loss 2.529672
update 800/28931 loss 2.542555
update 810/28931 loss 2.484170
update 820/28931 loss 2.503046
update 830/28931 loss 2.456995
update 840/28931 loss 2.473648
update 850/28931 loss 2.381177
update 860/28931 loss 2.419926
update 870/28931 loss 2.442600
update 880/28931 loss 2.457675
update 890/28931 loss 2.355394
update 900/28931 loss 2.384364
update 910/28931 loss 2.360193
update 920/28931 loss 2.359521
update 930/28931 loss 2.278030
update 940/28931 loss 2.378354
update 950/28931 loss 2.370327
update 960/28931 loss 2.381475
update 970/28931 loss 2.342976
update 980/28931 loss 2.352169
update 990/28931 loss 2.358227
update 1000/28931 loss 2.329439
update 1010/28931 loss 2.450581
update 1020/28931 loss 2.450279
update 1030/28931 loss 2.478912
update 1040/28931 loss 2.211142
update 1050/28931 loss 2.344869
update 1060/28931 loss 2.300728
update 1070/28931 loss 2.278772
update 1080/28931 loss 2.220461
update 1090/28931 loss 2.296790
update 1100/28931 loss 2.307314
update 1110/28931 loss 2.316422
update 1120/28931 loss 2.248878
update 1130/28931 loss 2.289599
update 1140/28931 loss 2.259762
update 1150/28931 loss 2.288585
update 1160/28931 loss 2.245918
update 1170/28931 loss 2.212030
update 1180/28931 loss 2.250396
update 1190/28931 loss 2.277925
update 1200/28931 loss 2.247715
update 1210/28931 loss 2.216826
update 1220/28931 loss 2.219414
update 1230/28931 loss 2.266160
update 1240/28931 loss 2.229925
update 1250/28931 loss 2.305595
update 1260/28931 loss 2.257641
update 1270/28931 loss 2.128105
update 1280/28931 loss 2.220383
update 1290/28931 loss 2.143432
update 1300/28931 loss 2.097137
update 1310/28931 loss 2.256493
update 1320/28931 loss 2.169767
update 1330/28931 loss 2.225696
update 1340/28931 loss 2.140052
update 1350/28931 loss 2.136325
update 1360/28931 loss 2.130143
update 1370/28931 loss 2.209852
update 1380/28931 loss 2.241248
update 1390/28931 loss 2.135365
update 1400/28931 loss 2.217250
update 1410/28931 loss 2.131000
update 1420/28931 loss 2.088066
update 1430/28931 loss 2.200850
update 1440/28931 loss 2.169581
update 1450/28931 loss 2.179284
update 1460/28931 loss 2.135480
update 1470/28931 loss 2.180079
update 1480/28931 loss 2.157952
update 1490/28931 loss 2.093750
update 1500/28931 loss 2.064198
update 1510/28931 loss 2.086331
update 1520/28931 loss 2.099466
update 1530/28931 loss 2.043688
update 1540/28931 loss 2.080639
update 1550/28931 loss 2.060066
update 1560/28931 loss 2.063728
update 1570/28931 loss 2.019787
update 1580/28931 loss 2.065251
update 1590/28931 loss 2.118491
update 1600/28931 loss 2.108827
update 1610/28931 loss 2.111825
update 1620/28931 loss 2.050379
update 1630/28931 loss 2.104481
update 1640/28931 loss 2.103709
update 1650/28931 loss 2.111251
update 1660/28931 loss 2.085479
update 1670/28931 loss 2.082416
update 1680/28931 loss 2.049906
update 1690/28931 loss 2.104270
update 1700/28931 loss 2.082519
update 1710/28931 loss 2.000637
update 1720/28931 loss 2.034666
update 1730/28931 loss 2.042521
update 1740/28931 loss 2.092760
update 1750/28931 loss 1.978574
update 1760/28931 loss 2.072578
update 1770/28931 loss 2.032511
update 1780/28931 loss 2.059360
update 1790/28931 loss 2.050658
update 1800/28931 loss 2.145891
update 1810/28931 loss 2.048335
update 1820/28931 loss 2.124371
update 1830/28931 loss 2.055748
update 1840/28931 loss 2.036409
update 1850/28931 loss 2.053150
update 1860/28931 loss 2.081965
update 1870/28931 loss 2.155081
update 1880/28931 loss 2.007177
update 1890/28931 loss 2.038538
update 1900/28931 loss 1.958200
update 1910/28931 loss 1.894624
update 1920/28931 loss 2.016896
update 1930/28931 loss 1.911633
update 1940/28931 loss 1.971094
update 1950/28931 loss 2.025090
update 1960/28931 loss 2.016913
update 1970/28931 loss 2.112530
update 1980/28931 loss 1.995614
update 1990/28931 loss 2.003612
update 2000/28931 loss 2.137242
update 2010/28931 loss 1.991813
update 2020/28931 loss 1.946909
update 2030/28931 loss 1.919859
update 2040/28931 loss 2.065249
update 2050/28931 loss 1.905906
update 2060/28931 loss 1.982820
update 2070/28931 loss 1.971685
update 2080/28931 loss 1.951582
update 2090/28931 loss 1.952295
update 2100/28931 loss 1.924306
update 2110/28931 loss 2.059639
update 2120/28931 loss 1.989038
update 2130/28931 loss 1.974994
update 2140/28931 loss 1.945951
update 2150/28931 loss 1.957312
update 2160/28931 loss 2.102895
update 2170/28931 loss 1.940155
update 2180/28931 loss 2.018485
update 2190/28931 loss 1.948326
update 2200/28931 loss 1.920416
update 2210/28931 loss 2.030376
update 2220/28931 loss 2.008102
update 2230/28931 loss 1.922345
update 2240/28931 loss 1.914806
update 2250/28931 loss 1.950748
update 2260/28931 loss 1.931796
update 2270/28931 loss 1.993988
update 2280/28931 loss 1.958307
update 2290/28931 loss 1.863197
update 2300/28931 loss 1.985592
update 2310/28931 loss 2.047093
update 2320/28931 loss 1.943563
update 2330/28931 loss 1.973195
update 2340/28931 loss 1.884696
update 2350/28931 loss 1.847154
update 2360/28931 loss 1.984825
update 2370/28931 loss 1.972258
update 2380/28931 loss 1.915014
update 2390/28931 loss 1.990286
update 2400/28931 loss 1.941117
update 2410/28931 loss 1.879035
update 2420/28931 loss 1.930641
update 2430/28931 loss 1.921362
update 2440/28931 loss 1.991124
update 2450/28931 loss 2.016837
update 2460/28931 loss 1.989395
update 2470/28931 loss 1.917868
update 2480/28931 loss 1.894960
update 2490/28931 loss 1.916966
update 2500/28931 loss 1.831512
update 2510/28931 loss 1.929850
update 2520/28931 loss 2.010865
update 2530/28931 loss 1.840440
update 2540/28931 loss 1.910636
update 2550/28931 loss 1.972723
update 2560/28931 loss 1.922334
update 2570/28931 loss 1.903895
update 2580/28931 loss 1.857093
update 2590/28931 loss 1.802252
update 2600/28931 loss 1.927268
update 2610/28931 loss 1.899551
update 2620/28931 loss 1.927930
update 2630/28931 loss 1.912296
update 2640/28931 loss 1.956356
update 2650/28931 loss 1.954134
update 2660/28931 loss 1.928748
update 2670/28931 loss 2.060510
update 2680/28931 loss 1.894357
update 2690/28931 loss 1.916481
update 2700/28931 loss 1.974300
update 2710/28931 loss 1.862488
update 2720/28931 loss 1.877745
update 2730/28931 loss 2.023011
update 2740/28931 loss 1.843059
update 2750/28931 loss 1.845907
update 2760/28931 loss 1.913175
update 2770/28931 loss 1.856489
update 2780/28931 loss 1.911664
update 2790/28931 loss 1.983760
update 2800/28931 loss 2.038583
update 2810/28931 loss 1.866886
update 2820/28931 loss 1.848301
update 2830/28931 loss 1.766146
update 2840/28931 loss 1.859307
update 2850/28931 loss 1.875650
update 2860/28931 loss 1.890045
update 2870/28931 loss 1.906719
update 2880/28931 loss 1.880371
update 2890/28931 loss 1.846640
update 2900/28931 loss 1.811240
update 2910/28931 loss 1.965001
update 2920/28931 loss 1.845174
update 2930/28931 loss 1.817860
update 2940/28931 loss 1.934994
update 2950/28931 loss 1.833185
update 2960/28931 loss 2.034470
update 2970/28931 loss 1.933924
update 2980/28931 loss 1.958966
update 2990/28931 loss 1.909416
update 3000/28931 loss 1.925493
update 3010/28931 loss 1.850420
update 3020/28931 loss 1.791356
update 3030/28931 loss 1.959733
update 3040/28931 loss 1.879515
update 3050/28931 loss 1.733156
update 3060/28931 loss 2.041754
update 3070/28931 loss 1.895539
update 3080/28931 loss 1.982955
update 3090/28931 loss 1.873869
update 3100/28931 loss 1.921031
update 3110/28931 loss 1.928684
update 3120/28931 loss 1.800623
update 3130/28931 loss 1.952643
update 3140/28931 loss 1.800001
update 3150/28931 loss 1.904916
update 3160/28931 loss 1.787472
update 3170/28931 loss 1.797064
update 3180/28931 loss 1.977540
update 3190/28931 loss 1.848375
update 3200/28931 loss 1.704379
update 3210/28931 loss 1.829421
update 3220/28931 loss 1.773264
update 3230/28931 loss 1.908681
update 3240/28931 loss 1.917255
update 3250/28931 loss 1.885399
update 3260/28931 loss 1.813461
update 3270/28931 loss 1.759555
update 3280/28931 loss 1.909913
update 3290/28931 loss 1.882719
update 3300/28931 loss 1.737068
update 3310/28931 loss 1.798497
update 3320/28931 loss 1.915464
update 3330/28931 loss 1.823075
update 3340/28931 loss 1.846652
update 3350/28931 loss 1.803728
update 3360/28931 loss 1.900050
update 3370/28931 loss 1.839576
update 3380/28931 loss 1.770157
update 3390/28931 loss 1.771156
update 3400/28931 loss 1.784769
update 3410/28931 loss 1.888366
update 3420/28931 loss 1.834850
update 3430/28931 loss 1.895877
update 3440/28931 loss 1.773315
update 3450/28931 loss 1.799051
update 3460/28931 loss 1.820375
update 3470/28931 loss 1.823258
update 3480/28931 loss 1.770052
update 3490/28931 loss 1.770292
update 3500/28931 loss 1.889699
update 3510/28931 loss 1.851026
update 3520/28931 loss 1.878811
update 3530/28931 loss 1.867521
update 3540/28931 loss 1.801697
update 3550/28931 loss 1.807529
update 3560/28931 loss 1.835977
update 3570/28931 loss 1.774642
update 3580/28931 loss 1.825592
update 3590/28931 loss 1.730356
update 3600/28931 loss 1.911876
update 3610/28931 loss 1.706837
update 3620/28931 loss 1.834050
update 3630/28931 loss 1.824995
update 3640/28931 loss 1.888242
update 3650/28931 loss 1.758935
update 3660/28931 loss 1.928080
update 3670/28931 loss 1.856753
update 3680/28931 loss 1.807368
update 3690/28931 loss 1.895762
update 3700/28931 loss 1.854156
update 3710/28931 loss 1.852823
update 3720/28931 loss 1.891734
update 3730/28931 loss 1.758272
update 3740/28931 loss 1.788250
update 3750/28931 loss 1.855352
update 3760/28931 loss 1.775113
update 3770/28931 loss 1.873733
update 3780/28931 loss 1.833965
update 3790/28931 loss 1.766470
update 3800/28931 loss 1.744758
update 3810/28931 loss 1.864461
update 3820/28931 loss 1.825247
update 3830/28931 loss 1.802528
update 3840/28931 loss 1.838304
update 3850/28931 loss 1.783463
update 3860/28931 loss 1.791122
update 3870/28931 loss 1.742796
update 3880/28931 loss 1.839224
update 3890/28931 loss 1.829860
update 3900/28931 loss 1.846262
update 3910/28931 loss 1.814282
update 3920/28931 loss 1.862852
update 3930/28931 loss 1.685598
update 3940/28931 loss 1.835987
update 3950/28931 loss 1.751005
update 3960/28931 loss 1.843210
update 3970/28931 loss 1.805968
update 3980/28931 loss 1.750684
update 3990/28931 loss 1.812980
update 4000/28931 loss 1.725716
update 4010/28931 loss 1.749365
update 4020/28931 loss 1.821256
update 4030/28931 loss 1.730708
update 4040/28931 loss 1.931689
update 4050/28931 loss 1.689365
update 4060/28931 loss 1.713503
update 4070/28931 loss 1.794461
update 4080/28931 loss 1.685184
update 4090/28931 loss 1.889267
update 4100/28931 loss 1.808939
update 4110/28931 loss 1.680182
update 4120/28931 loss 1.658954
update 4130/28931 loss 1.794021
update 4140/28931 loss 1.802839
update 4150/28931 loss 1.901587
update 4160/28931 loss 1.882069
update 4170/28931 loss 1.668271
update 4180/28931 loss 1.784449
update 4190/28931 loss 1.834852
update 4200/28931 loss 1.735455
update 4210/28931 loss 1.747138
update 4220/28931 loss 1.727179
update 4230/28931 loss 1.631936
update 4240/28931 loss 1.828539
update 4250/28931 loss 1.752926
update 4260/28931 loss 1.798705
update 4270/28931 loss 1.805875
update 4280/28931 loss 1.758314
update 4290/28931 loss 1.733850
update 4300/28931 loss 1.697669
update 4310/28931 loss 1.788440
update 4320/28931 loss 1.701374
update 4330/28931 loss 1.778476
update 4340/28931 loss 1.747880
update 4350/28931 loss 1.774853
update 4360/28931 loss 1.736203
update 4370/28931 loss 1.757880
update 4380/28931 loss 1.761412
update 4390/28931 loss 1.638788
update 4400/28931 loss 1.861424
update 4410/28931 loss 1.690532
update 4420/28931 loss 1.700234
update 4430/28931 loss 1.720110
update 4440/28931 loss 1.762502
update 4450/28931 loss 1.688013
update 4460/28931 loss 1.797082
update 4470/28931 loss 1.845896
update 4480/28931 loss 1.719654
update 4490/28931 loss 1.731487
update 4500/28931 loss 1.818021
update 4510/28931 loss 1.740227
update 4520/28931 loss 1.693787
update 4530/28931 loss 1.819905
update 4540/28931 loss 1.748333
update 4550/28931 loss 1.737762
update 4560/28931 loss 1.747566
update 4570/28931 loss 1.814622
update 4580/28931 loss 1.753534
update 4590/28931 loss 1.792671
update 4600/28931 loss 1.760123
update 4610/28931 loss 1.744991
update 4620/28931 loss 1.777936
update 4630/28931 loss 1.717587
update 4640/28931 loss 1.853739
update 4650/28931 loss 1.679987
update 4660/28931 loss 1.695871
update 4670/28931 loss 1.796418
update 4680/28931 loss 1.817009
update 4690/28931 loss 1.805145
update 4700/28931 loss 1.655913
update 4710/28931 loss 1.723819
update 4720/28931 loss 1.806816
update 4730/28931 loss 1.818428
update 4740/28931 loss 1.758975
update 4750/28931 loss 1.731877
update 4760/28931 loss 1.689432
update 4770/28931 loss 1.930785
update 4780/28931 loss 1.652116
update 4790/28931 loss 1.762168
update 4800/28931 loss 1.750302
update 4810/28931 loss 1.701519
update 4820/28931 loss 1.685646
update 4830/28931 loss 1.838119
update 4840/28931 loss 1.681310
update 4850/28931 loss 1.680977
update 4860/28931 loss 1.711226
update 4870/28931 loss 1.718842
update 4880/28931 loss 1.726169
update 4890/28931 loss 1.771854
update 4900/28931 loss 1.825537
update 4910/28931 loss 1.759398
update 4920/28931 loss 1.795869
update 4930/28931 loss 1.602448
update 4940/28931 loss 1.704297
update 4950/28931 loss 1.754026
update 4960/28931 loss 1.789350
update 4970/28931 loss 1.841224
update 4980/28931 loss 1.684603
update 4990/28931 loss 1.683435
update 5000/28931 loss 1.794809
update 5010/28931 loss 1.808388
update 5020/28931 loss 1.709780
update 5030/28931 loss 1.724889
update 5040/28931 loss 1.698931
update 5050/28931 loss 1.769708
update 5060/28931 loss 1.727170
update 5070/28931 loss 1.734840
update 5080/28931 loss 1.756481
update 5090/28931 loss 1.660704
update 5100/28931 loss 1.780728
update 5110/28931 loss 1.669421
update 5120/28931 loss 1.735421
update 5130/28931 loss 1.761805
update 5140/28931 loss 1.755017
update 5150/28931 loss 1.675487
update 5160/28931 loss 1.809534
update 5170/28931 loss 1.645279
update 5180/28931 loss 1.661674
update 5190/28931 loss 1.730385
update 5200/28931 loss 1.721037
update 5210/28931 loss 1.718634
update 5220/28931 loss 1.746305
update 5230/28931 loss 1.666383
update 5240/28931 loss 1.720847
update 5250/28931 loss 1.695314
update 5260/28931 loss 1.653384
update 5270/28931 loss 1.747096
update 5280/28931 loss 1.649244
update 5290/28931 loss 1.711291
update 5300/28931 loss 1.726682
update 5310/28931 loss 1.762193
update 5320/28931 loss 1.639832
update 5330/28931 loss 1.653558
update 5340/28931 loss 1.711299
update 5350/28931 loss 1.591236
update 5360/28931 loss 1.765261
update 5370/28931 loss 1.843027
update 5380/28931 loss 1.757674
update 5390/28931 loss 1.715869
update 5400/28931 loss 1.622259
update 5410/28931 loss 1.759097
update 5420/28931 loss 1.874141
update 5430/28931 loss 1.672749
update 5440/28931 loss 1.592923
update 5450/28931 loss 1.699375
update 5460/28931 loss 1.765456
update 5470/28931 loss 1.644073
update 5480/28931 loss 1.726444
update 5490/28931 loss 1.705076
update 5500/28931 loss 1.637650
update 5510/28931 loss 1.807265
update 5520/28931 loss 1.645522
update 5530/28931 loss 1.745388
update 5540/28931 loss 1.600817
update 5550/28931 loss 1.786854
update 5560/28931 loss 1.763316
update 5570/28931 loss 1.774864
update 5580/28931 loss 1.661446
update 5590/28931 loss 1.590010
update 5600/28931 loss 1.728603
update 5610/28931 loss 1.797096
update 5620/28931 loss 1.707812
update 5630/28931 loss 1.682646
update 5640/28931 loss 1.770495
update 5650/28931 loss 1.718082
update 5660/28931 loss 1.604555
update 5670/28931 loss 1.700867
update 5680/28931 loss 1.670438
update 5690/28931 loss 1.608671
update 5700/28931 loss 1.842396
update 5710/28931 loss 1.664469
update 5720/28931 loss 1.738654
update 5730/28931 loss 1.758590
update 5740/28931 loss 1.670743
update 5750/28931 loss 1.556238
update 5760/28931 loss 1.723856
update 5770/28931 loss 1.711940
update 5780/28931 loss 1.703930
update 5790/28931 loss 1.647763
update 5800/28931 loss 1.699616
update 5810/28931 loss 1.655555
update 5820/28931 loss 1.634468
update 5830/28931 loss 1.701433
update 5840/28931 loss 1.651385
update 5850/28931 loss 1.710878
update 5860/28931 loss 1.657917
update 5870/28931 loss 1.730919
update 5880/28931 loss 1.829432
update 5890/28931 loss 1.606643
update 5900/28931 loss 1.841415
update 5910/28931 loss 1.801395
update 5920/28931 loss 1.690354
update 5930/28931 loss 1.727944
update 5940/28931 loss 1.678602
update 5950/28931 loss 1.664857
update 5960/28931 loss 1.730219
update 5970/28931 loss 1.664121
update 5980/28931 loss 1.702576
update 5990/28931 loss 1.651428
update 6000/28931 loss 1.681523
update 6010/28931 loss 1.595597
update 6020/28931 loss 1.624529
update 6030/28931 loss 1.712128
update 6040/28931 loss 1.716966
update 6050/28931 loss 1.679101
update 6060/28931 loss 1.677825
update 6070/28931 loss 1.639679
update 6080/28931 loss 1.713681
update 6090/28931 loss 1.760338
update 6100/28931 loss 1.804552
update 6110/28931 loss 1.704757
update 6120/28931 loss 1.670374
update 6130/28931 loss 1.639978
update 6140/28931 loss 1.630608
update 6150/28931 loss 1.700409
update 6160/28931 loss 1.697862
update 6170/28931 loss 1.709380
update 6180/28931 loss 1.698267
update 6190/28931 loss 1.823391
update 6200/28931 loss 1.644530
update 6210/28931 loss 1.665428
update 6220/28931 loss 1.668872
update 6230/28931 loss 1.633978
update 6240/28931 loss 1.655316
update 6250/28931 loss 1.676802
update 6260/28931 loss 1.678647
update 6270/28931 loss 1.639780
update 6280/28931 loss 1.662467
update 6290/28931 loss 1.705495
update 6300/28931 loss 1.709613
update 6310/28931 loss 1.847308
update 6320/28931 loss 1.663881
update 6330/28931 loss 1.651970
update 6340/28931 loss 1.713218
update 6350/28931 loss 1.791216
update 6360/28931 loss 1.685979
update 6370/28931 loss 1.706081
update 6380/28931 loss 1.630902
update 6390/28931 loss 1.672518
update 6400/28931 loss 1.645464
update 6410/28931 loss 1.768646
update 6420/28931 loss 1.754462
update 6430/28931 loss 1.693689
update 6440/28931 loss 1.658108
update 6450/28931 loss 1.792548
update 6460/28931 loss 1.793925
update 6470/28931 loss 1.580042
update 6480/28931 loss 1.630052
update 6490/28931 loss 1.693712
update 6500/28931 loss 1.660248
update 6510/28931 loss 1.723643
update 6520/28931 loss 1.626024
update 6530/28931 loss 1.778141
update 6540/28931 loss 1.551658
update 6550/28931 loss 1.693373
update 6560/28931 loss 1.782905
update 6570/28931 loss 1.711694
update 6580/28931 loss 1.627064
update 6590/28931 loss 1.633323
update 6600/28931 loss 1.705708
update 6610/28931 loss 1.755869
update 6620/28931 loss 1.693976
update 6630/28931 loss 1.709958
update 6640/28931 loss 1.642997
update 6650/28931 loss 1.577836
update 6660/28931 loss 1.611895
update 6670/28931 loss 1.692052
update 6680/28931 loss 1.746283
update 6690/28931 loss 1.653144
update 6700/28931 loss 1.637124
update 6710/28931 loss 1.722098
update 6720/28931 loss 1.684874
update 6730/28931 loss 1.755180
update 6740/28931 loss 1.706583
update 6750/28931 loss 1.745916
update 6760/28931 loss 1.674854
update 6770/28931 loss 1.605461
update 6780/28931 loss 1.780717
update 6790/28931 loss 1.688542
update 6800/28931 loss 1.757795
update 6810/28931 loss 1.603378
update 6820/28931 loss 1.729474
update 6830/28931 loss 1.735167
update 6840/28931 loss 1.565432
update 6850/28931 loss 1.650235
update 6860/28931 loss 1.599785
update 6870/28931 loss 1.667851
update 6880/28931 loss 1.694272
update 6890/28931 loss 1.742192
update 6900/28931 loss 1.679170
update 6910/28931 loss 1.730173
update 6920/28931 loss 1.742659
update 6930/28931 loss 1.753338
update 6940/28931 loss 1.707447
update 6950/28931 loss 1.580294
update 6960/28931 loss 1.685835
update 6970/28931 loss 1.593934
update 6980/28931 loss 1.683654
update 6990/28931 loss 1.726003
update 7000/28931 loss 1.650675
update 7010/28931 loss 1.664769
update 7020/28931 loss 1.738222
update 7030/28931 loss 1.607401
update 7040/28931 loss 1.704413
update 7050/28931 loss 1.612997
update 7060/28931 loss 1.591882
update 7070/28931 loss 1.635535
update 7080/28931 loss 1.711267
update 7090/28931 loss 1.641734
update 7100/28931 loss 1.664841
update 7110/28931 loss 1.695222
update 7120/28931 loss 1.684012
update 7130/28931 loss 1.684508
update 7140/28931 loss 1.790372
update 7150/28931 loss 1.578332
update 7160/28931 loss 1.603144
update 7170/28931 loss 1.634973
update 7180/28931 loss 1.698238
update 7190/28931 loss 1.683453
update 7200/28931 loss 1.510450
update 7210/28931 loss 1.751529
update 7220/28931 loss 1.607752
update 7230/28931 loss 1.651222
update 7240/28931 loss 1.727587
update 7250/28931 loss 1.828075
update 7260/28931 loss 1.683780
update 7270/28931 loss 1.694357
update 7280/28931 loss 1.616199
update 7290/28931 loss 1.695729
update 7300/28931 loss 1.570788
update 7310/28931 loss 1.564652
update 7320/28931 loss 1.693425
update 7330/28931 loss 1.606277
update 7340/28931 loss 1.633763
update 7350/28931 loss 1.628812
update 7360/28931 loss 1.624024
update 7370/28931 loss 1.608521
update 7380/28931 loss 1.725629
update 7390/28931 loss 1.636280
update 7400/28931 loss 1.556346
update 7410/28931 loss 1.774481
update 7420/28931 loss 1.739035
update 7430/28931 loss 1.659909
update 7440/28931 loss 1.572173
update 7450/28931 loss 1.607472
update 7460/28931 loss 1.564679
update 7470/28931 loss 1.716938
update 7480/28931 loss 1.635755
update 7490/28931 loss 1.637812
update 7500/28931 loss 1.651000
update 7510/28931 loss 1.796921
update 7520/28931 loss 1.732819
update 7530/28931 loss 1.678685
update 7540/28931 loss 1.640535
update 7550/28931 loss 1.723316
update 7560/28931 loss 1.630391
update 7570/28931 loss 1.692738
update 7580/28931 loss 1.707736
update 7590/28931 loss 1.619848
update 7600/28931 loss 1.595931
update 7610/28931 loss 1.640286
update 7620/28931 loss 1.701177
update 7630/28931 loss 1.739902
update 7640/28931 loss 1.681183
update 7650/28931 loss 1.676971
update 7660/28931 loss 1.561226
update 7670/28931 loss 1.704742
update 7680/28931 loss 1.665882
update 7690/28931 loss 1.766042
update 7700/28931 loss 1.652758
update 7710/28931 loss 1.656242
update 7720/28931 loss 1.691039
update 7730/28931 loss 1.611228
update 7740/28931 loss 1.666395
update 7750/28931 loss 1.735101
update 7760/28931 loss 1.642204
update 7770/28931 loss 1.622643
update 7780/28931 loss 1.738012
update 7790/28931 loss 1.625402
update 7800/28931 loss 1.747170
update 7810/28931 loss 1.651234
update 7820/28931 loss 1.781257
update 7830/28931 loss 1.557048
update 7840/28931 loss 1.565258
update 7850/28931 loss 1.667069
update 7860/28931 loss 1.678177
update 7870/28931 loss 1.703827
update 7880/28931 loss 1.560777
update 7890/28931 loss 1.696833
update 7900/28931 loss 1.591506
update 7910/28931 loss 1.673428
update 7920/28931 loss 1.732390
update 7930/28931 loss 1.685360
update 7940/28931 loss 1.671099
update 7950/28931 loss 1.678624
update 7960/28931 loss 1.608668
update 7970/28931 loss 1.564376
update 7980/28931 loss 1.697472
update 7990/28931 loss 1.616356
update 8000/28931 loss 1.611974
update 8010/28931 loss 1.679465
update 8020/28931 loss 1.752962
update 8030/28931 loss 1.697209
update 8040/28931 loss 1.674530
update 8050/28931 loss 1.587803
update 8060/28931 loss 1.624180
update 8070/28931 loss 1.647264
update 8080/28931 loss 1.690299
update 8090/28931 loss 1.612673
update 8100/28931 loss 1.530280
update 8110/28931 loss 1.597852
update 8120/28931 loss 1.704814
update 8130/28931 loss 1.657069
update 8140/28931 loss 1.628870
update 8150/28931 loss 1.720406
update 8160/28931 loss 1.598657
update 8170/28931 loss 1.622426
update 8180/28931 loss 1.743950
update 8190/28931 loss 1.698523
update 8200/28931 loss 1.615710
update 8210/28931 loss 1.619979
update 8220/28931 loss 1.625361
update 8230/28931 loss 1.618252
update 8240/28931 loss 1.655703
update 8250/28931 loss 1.622115
update 8260/28931 loss 1.608128
update 8270/28931 loss 1.661236
update 8280/28931 loss 1.575732
update 8290/28931 loss 1.687064
update 8300/28931 loss 1.657697
update 8310/28931 loss 1.741281
update 8320/28931 loss 1.703511
update 8330/28931 loss 1.574121
update 8340/28931 loss 1.606276
update 8350/28931 loss 1.646451
update 8360/28931 loss 1.636207
update 8370/28931 loss 1.803636
update 8380/28931 loss 1.627775
update 8390/28931 loss 1.649190
update 8400/28931 loss 1.533779
update 8410/28931 loss 1.585614
update 8420/28931 loss 1.646192
update 8430/28931 loss 1.541602
update 8440/28931 loss 1.707883
update 8450/28931 loss 1.511167
update 8460/28931 loss 1.578777
update 8470/28931 loss 1.475464
update 8480/28931 loss 1.555046
update 8490/28931 loss 1.589934
update 8500/28931 loss 1.693275
update 8510/28931 loss 1.605321
update 8520/28931 loss 1.648769
update 8530/28931 loss 1.593319
update 8540/28931 loss 1.709865
update 8550/28931 loss 1.598107
update 8560/28931 loss 1.547982
update 8570/28931 loss 1.668160
update 8580/28931 loss 1.631232
update 8590/28931 loss 1.662769
update 8600/28931 loss 1.543677
update 8610/28931 loss 1.662798
update 8620/28931 loss 1.584790
update 8630/28931 loss 1.575954
update 8640/28931 loss 1.630490
update 8650/28931 loss 1.701964
update 8660/28931 loss 1.649993
update 8670/28931 loss 1.650042
update 8680/28931 loss 1.676162
update 8690/28931 loss 1.627463
update 8700/28931 loss 1.681472
update 8710/28931 loss 1.647723
update 8720/28931 loss 1.635936
update 8730/28931 loss 1.584170
update 8740/28931 loss 1.496808
update 8750/28931 loss 1.683434
update 8760/28931 loss 1.671215
update 8770/28931 loss 1.576738
update 8780/28931 loss 1.643086
update 8790/28931 loss 1.658847
update 8800/28931 loss 1.593103
update 8810/28931 loss 1.566121
update 8820/28931 loss 1.649683
update 8830/28931 loss 1.590045
update 8840/28931 loss 1.626473
update 8850/28931 loss 1.668404
update 8860/28931 loss 1.680393
update 8870/28931 loss 1.574567
update 8880/28931 loss 1.652482
update 8890/28931 loss 1.724119
update 8900/28931 loss 1.581323
update 8910/28931 loss 1.580236
update 8920/28931 loss 1.604680
update 8930/28931 loss 1.720995
update 8940/28931 loss 1.653354
update 8950/28931 loss 1.505788
update 8960/28931 loss 1.484822
update 8970/28931 loss 1.548588
update 8980/28931 loss 1.626982
update 8990/28931 loss 1.565358
update 9000/28931 loss 1.660877
update 9010/28931 loss 1.661875
update 9020/28931 loss 1.744107
update 9030/28931 loss 1.692537
update 9040/28931 loss 1.577595
update 9050/28931 loss 1.637451
update 9060/28931 loss 1.630113
update 9070/28931 loss 1.691178
update 9080/28931 loss 1.575451
update 9090/28931 loss 1.586339
update 9100/28931 loss 1.676610
update 9110/28931 loss 1.653552
update 9120/28931 loss 1.729345
update 9130/28931 loss 1.567605
update 9140/28931 loss 1.568069
update 9150/28931 loss 1.587380
update 9160/28931 loss 1.642256
update 9170/28931 loss 1.716881
update 9180/28931 loss 1.578459
update 9190/28931 loss 1.617035
update 9200/28931 loss 1.658659
update 9210/28931 loss 1.686669
update 9220/28931 loss 1.604806
update 9230/28931 loss 1.537523
update 9240/28931 loss 1.698593
update 9250/28931 loss 1.629662
update 9260/28931 loss 1.602551
update 9270/28931 loss 1.644525
update 9280/28931 loss 1.627594
update 9290/28931 loss 1.617034
update 9300/28931 loss 1.618849
update 9310/28931 loss 1.588186
update 9320/28931 loss 1.646340
update 9330/28931 loss 1.615278
update 9340/28931 loss 1.596675
update 9350/28931 loss 1.684697
update 9360/28931 loss 1.574908
update 9370/28931 loss 1.622341
update 9380/28931 loss 1.592014
update 9390/28931 loss 1.626007
update 9400/28931 loss 1.598441
update 9410/28931 loss 1.668867
update 9420/28931 loss 1.697483
update 9430/28931 loss 1.599175
update 9440/28931 loss 1.553884
update 9450/28931 loss 1.557175
update 9460/28931 loss 1.624761
update 9470/28931 loss 1.611190
update 9480/28931 loss 1.576820
update 9490/28931 loss 1.696499
update 9500/28931 loss 1.564771
update 9510/28931 loss 1.730880
update 9520/28931 loss 1.585325
update 9530/28931 loss 1.702628
update 9540/28931 loss 1.615379
update 9550/28931 loss 1.589457
update 9560/28931 loss 1.436045
update 9570/28931 loss 1.630815
update 9580/28931 loss 1.595664
update 9590/28931 loss 1.685062
update 9600/28931 loss 1.558708
update 9610/28931 loss 1.649474
update 9620/28931 loss 1.651227
update 9630/28931 loss 1.692422
update 9640/28931 loss 1.641455
update 9650/28931 loss 1.694157
update 9660/28931 loss 1.550776
update 9670/28931 loss 1.640270
update 9680/28931 loss 1.631201
update 9690/28931 loss 1.602172
update 9700/28931 loss 1.505930
update 9710/28931 loss 1.659772
update 9720/28931 loss 1.551389
update 9730/28931 loss 1.731768
update 9740/28931 loss 1.615272
update 9750/28931 loss 1.633748
update 9760/28931 loss 1.640981
update 9770/28931 loss 1.698908
update 9780/28931 loss 1.642080
update 9790/28931 loss 1.521105
update 9800/28931 loss 1.642693
update 9810/28931 loss 1.636646
update 9820/28931 loss 1.500309
update 9830/28931 loss 1.613516
update 9840/28931 loss 1.640624
update 9850/28931 loss 1.671883
update 9860/28931 loss 1.487841
update 9870/28931 loss 1.647146
update 9880/28931 loss 1.576838
update 9890/28931 loss 1.608048
update 9900/28931 loss 1.623264
update 9910/28931 loss 1.570703
update 9920/28931 loss 1.733201
update 9930/28931 loss 1.646225
update 9940/28931 loss 1.569126
update 9950/28931 loss 1.504330
update 9960/28931 loss 1.648441
update 9970/28931 loss 1.635749
update 9980/28931 loss 1.584977
update 9990/28931 loss 1.521554
update 10000/28931 loss 1.428377
update 10010/28931 loss 1.599551
update 10020/28931 loss 1.635335
update 10030/28931 loss 1.667104
update 10040/28931 loss 1.701685
update 10050/28931 loss 1.597902
update 10060/28931 loss 1.595720
update 10070/28931 loss 1.650943
update 10080/28931 loss 1.541410
update 10090/28931 loss 1.585887
update 10100/28931 loss 1.639849
update 10110/28931 loss 1.672927
update 10120/28931 loss 1.579308
update 10130/28931 loss 1.637114
update 10140/28931 loss 1.546099
update 10150/28931 loss 1.580478
update 10160/28931 loss 1.616574
update 10170/28931 loss 1.586541
update 10180/28931 loss 1.530991
update 10190/28931 loss 1.629655
update 10200/28931 loss 1.489995
update 10210/28931 loss 1.523890
update 10220/28931 loss 1.584104
update 10230/28931 loss 1.723770
update 10240/28931 loss 1.582299
update 10250/28931 loss 1.631864
update 10260/28931 loss 1.600160
update 10270/28931 loss 1.650206
update 10280/28931 loss 1.650032
update 10290/28931 loss 1.630419
update 10300/28931 loss 1.621971
update 10310/28931 loss 1.584216
update 10320/28931 loss 1.460213
update 10330/28931 loss 1.570682
update 10340/28931 loss 1.471691
update 10350/28931 loss 1.549298
update 10360/28931 loss 1.567462
update 10370/28931 loss 1.667756
update 10380/28931 loss 1.521375
update 10390/28931 loss 1.628692
update 10400/28931 loss 1.501038
update 10410/28931 loss 1.571455
update 10420/28931 loss 1.557756
update 10430/28931 loss 1.569490
update 10440/28931 loss 1.613469
update 10450/28931 loss 1.690252
update 10460/28931 loss 1.647286
update 10470/28931 loss 1.615495
update 10480/28931 loss 1.683302
update 10490/28931 loss 1.564540
update 10500/28931 loss 1.601853
update 10510/28931 loss 1.650539
update 10520/28931 loss 1.586278
update 10530/28931 loss 1.629303
update 10540/28931 loss 1.650154
update 10550/28931 loss 1.637406
update 10560/28931 loss 1.590838
update 10570/28931 loss 1.527865
update 10580/28931 loss 1.699959
update 10590/28931 loss 1.550512
update 10600/28931 loss 1.606577
update 10610/28931 loss 1.553580
update 10620/28931 loss 1.665343
update 10630/28931 loss 1.659995
update 10640/28931 loss 1.654467
update 10650/28931 loss 1.521564
update 10660/28931 loss 1.582487
update 10670/28931 loss 1.615744
update 10680/28931 loss 1.602109
update 10690/28931 loss 1.622021
update 10700/28931 loss 1.617500
update 10710/28931 loss 1.699643
update 10720/28931 loss 1.617499
update 10730/28931 loss 1.595505
update 10740/28931 loss 1.579140
update 10750/28931 loss 1.613760
update 10760/28931 loss 1.620514
update 10770/28931 loss 1.574526
update 10780/28931 loss 1.604943
update 10790/28931 loss 1.637076
update 10800/28931 loss 1.567719
update 10810/28931 loss 1.632961
update 10820/28931 loss 1.631816
update 10830/28931 loss 1.533965
update 10840/28931 loss 1.551225
update 10850/28931 loss 1.516206
update 10860/28931 loss 1.589968
update 10870/28931 loss 1.583472
update 10880/28931 loss 1.619262
update 10890/28931 loss 1.656099
update 10900/28931 loss 1.649611
update 10910/28931 loss 1.690092
update 10920/28931 loss 1.729925
update 10930/28931 loss 1.507742
update 10940/28931 loss 1.472213
update 10950/28931 loss 1.452711
update 10960/28931 loss 1.510324
update 10970/28931 loss 1.646479
update 10980/28931 loss 1.594085
update 10990/28931 loss 1.674588
update 11000/28931 loss 1.573471
update 11010/28931 loss 1.734292
update 11020/28931 loss 1.483211
update 11030/28931 loss 1.613559
update 11040/28931 loss 1.678767
update 11050/28931 loss 1.600298
update 11060/28931 loss 1.644465
update 11070/28931 loss 1.671238
update 11080/28931 loss 1.502544
update 11090/28931 loss 1.540397
update 11100/28931 loss 1.645571
update 11110/28931 loss 1.558798
update 11120/28931 loss 1.582037
update 11130/28931 loss 1.692858
update 11140/28931 loss 1.560817
update 11150/28931 loss 1.550267
update 11160/28931 loss 1.697079
update 11170/28931 loss 1.551170
update 11180/28931 loss 1.658897
update 11190/28931 loss 1.598860
update 11200/28931 loss 1.531250
update 11210/28931 loss 1.685504
update 11220/28931 loss 1.608092
update 11230/28931 loss 1.589574
update 11240/28931 loss 1.537298
update 11250/28931 loss 1.660142
update 11260/28931 loss 1.582568
update 11270/28931 loss 1.691573
update 11280/28931 loss 1.516998
update 11290/28931 loss 1.691325
update 11300/28931 loss 1.631518
update 11310/28931 loss 1.585442
update 11320/28931 loss 1.624551
update 11330/28931 loss 1.511331
update 11340/28931 loss 1.581949
update 11350/28931 loss 1.640459
update 11360/28931 loss 1.653090
update 11370/28931 loss 1.622610
update 11380/28931 loss 1.592847
update 11390/28931 loss 1.509616
update 11400/28931 loss 1.680625
update 11410/28931 loss 1.721534
update 11420/28931 loss 1.572624
update 11430/28931 loss 1.552980
update 11440/28931 loss 1.653544
update 11450/28931 loss 1.595719
update 11460/28931 loss 1.490146
update 11470/28931 loss 1.611346
update 11480/28931 loss 1.561041
update 11490/28931 loss 1.584345
update 11500/28931 loss 1.625681
update 11510/28931 loss 1.616693
update 11520/28931 loss 1.585267
update 11530/28931 loss 1.583163
update 11540/28931 loss 1.604304
update 11550/28931 loss 1.553041
update 11560/28931 loss 1.577074
update 11570/28931 loss 1.647078
update 11580/28931 loss 1.478076
update 11590/28931 loss 1.623716
update 11600/28931 loss 1.627247
update 11610/28931 loss 1.532221
update 11620/28931 loss 1.612275
update 11630/28931 loss 1.523396
update 11640/28931 loss 1.623088
update 11650/28931 loss 1.577013
update 11660/28931 loss 1.486502
update 11670/28931 loss 1.599698
update 11680/28931 loss 1.581398
update 11690/28931 loss 1.590043
update 11700/28931 loss 1.524707
update 11710/28931 loss 1.596076
update 11720/28931 loss 1.638581
update 11730/28931 loss 1.601847
update 11740/28931 loss 1.574122
update 11750/28931 loss 1.639924
update 11760/28931 loss 1.673954
update 11770/28931 loss 1.466122
update 11780/28931 loss 1.520563
update 11790/28931 loss 1.495966
update 11800/28931 loss 1.479362
update 11810/28931 loss 1.507564
update 11820/28931 loss 1.566608
update 11830/28931 loss 1.699096
update 11840/28931 loss 1.503120
update 11850/28931 loss 1.462590
update 11860/28931 loss 1.646742
update 11870/28931 loss 1.611569
update 11880/28931 loss 1.515929
update 11890/28931 loss 1.453743
update 11900/28931 loss 1.568256
update 11910/28931 loss 1.576153
update 11920/28931 loss 1.610615
update 11930/28931 loss 1.522068
update 11940/28931 loss 1.464388
update 11950/28931 loss 1.614619
update 11960/28931 loss 1.581699
update 11970/28931 loss 1.545698
update 11980/28931 loss 1.553862
update 11990/28931 loss 1.658616
update 12000/28931 loss 1.520212
update 12010/28931 loss 1.559837
update 12020/28931 loss 1.691821
update 12030/28931 loss 1.540898
update 12040/28931 loss 1.465491
update 12050/28931 loss 1.658131
update 12060/28931 loss 1.479753
update 12070/28931 loss 1.586979
update 12080/28931 loss 1.676059
update 12090/28931 loss 1.591980
update 12100/28931 loss 1.627594
update 12110/28931 loss 1.615808
update 12120/28931 loss 1.576269
update 12130/28931 loss 1.621646
update 12140/28931 loss 1.599822
update 12150/28931 loss 1.581644
update 12160/28931 loss 1.573932
update 12170/28931 loss 1.599599
update 12180/28931 loss 1.557788
update 12190/28931 loss 1.616710
update 12200/28931 loss 1.464096
update 12210/28931 loss 1.439049
update 12220/28931 loss 1.576405
update 12230/28931 loss 1.504861
update 12240/28931 loss 1.603194
update 12250/28931 loss 1.643717
update 12260/28931 loss 1.536479
update 12270/28931 loss 1.622151
update 12280/28931 loss 1.574750
update 12290/28931 loss 1.590115
update 12300/28931 loss 1.570537
update 12310/28931 loss 1.619552
update 12320/28931 loss 1.559713
update 12330/28931 loss 1.531477
update 12340/28931 loss 1.640854
update 12350/28931 loss 1.596614
update 12360/28931 loss 1.621264
update 12370/28931 loss 1.561016
update 12380/28931 loss 1.635982
update 12390/28931 loss 1.562099
update 12400/28931 loss 1.561619
update 12410/28931 loss 1.618499
update 12420/28931 loss 1.572257
update 12430/28931 loss 1.562552
update 12440/28931 loss 1.552445
update 12450/28931 loss 1.483323
update 12460/28931 loss 1.565942
update 12470/28931 loss 1.524883
update 12480/28931 loss 1.490668
update 12490/28931 loss 1.660755
update 12500/28931 loss 1.636624
update 12510/28931 loss 1.514741
update 12520/28931 loss 1.566050
update 12530/28931 loss 1.673972
update 12540/28931 loss 1.690730
update 12550/28931 loss 1.517026
update 12560/28931 loss 1.620519
update 12570/28931 loss 1.502575
update 12580/28931 loss 1.570154
update 12590/28931 loss 1.708268
update 12600/28931 loss 1.595119
update 12610/28931 loss 1.611862
update 12620/28931 loss 1.612092
update 12630/28931 loss 1.617977
update 12640/28931 loss 1.547427
update 12650/28931 loss 1.521971
update 12660/28931 loss 1.647906
update 12670/28931 loss 1.500131
update 12680/28931 loss 1.499247
update 12690/28931 loss 1.627671
update 12700/28931 loss 1.550077
update 12710/28931 loss 1.540951
update 12720/28931 loss 1.516337
update 12730/28931 loss 1.568268
update 12740/28931 loss 1.536831
update 12750/28931 loss 1.599450
update 12760/28931 loss 1.761742
update 12770/28931 loss 1.522342
update 12780/28931 loss 1.645787
update 12790/28931 loss 1.565515
update 12800/28931 loss 1.526553
update 12810/28931 loss 1.601228
update 12820/28931 loss 1.642830
update 12830/28931 loss 1.629643
update 12840/28931 loss 1.640274
update 12850/28931 loss 1.572149
update 12860/28931 loss 1.562107
update 12870/28931 loss 1.542819
update 12880/28931 loss 1.691433
update 12890/28931 loss 1.594870
update 12900/28931 loss 1.552758
update 12910/28931 loss 1.576196
update 12920/28931 loss 1.510534
update 12930/28931 loss 1.604166
update 12940/28931 loss 1.592552
update 12950/28931 loss 1.560259
update 12960/28931 loss 1.516370
update 12970/28931 loss 1.637350
update 12980/28931 loss 1.561746
update 12990/28931 loss 1.505280
update 13000/28931 loss 1.475374
update 13010/28931 loss 1.555846
update 13020/28931 loss 1.554628
update 13030/28931 loss 1.662293
update 13040/28931 loss 1.609319
update 13050/28931 loss 1.600554
update 13060/28931 loss 1.649991
update 13070/28931 loss 1.540965
update 13080/28931 loss 1.574506
update 13090/28931 loss 1.492570
update 13100/28931 loss 1.498743
update 13110/28931 loss 1.472145
update 13120/28931 loss 1.463881
update 13130/28931 loss 1.590930
update 13140/28931 loss 1.519684
update 13150/28931 loss 1.547588
update 13160/28931 loss 1.487422
update 13170/28931 loss 1.478475
update 13180/28931 loss 1.525349
update 13190/28931 loss 1.551282
update 13200/28931 loss 1.583733
update 13210/28931 loss 1.626866
update 13220/28931 loss 1.562153
update 13230/28931 loss 1.517877
update 13240/28931 loss 1.670474
update 13250/28931 loss 1.633217
update 13260/28931 loss 1.655818
update 13270/28931 loss 1.477494
update 13280/28931 loss 1.620620
update 13290/28931 loss 1.574720
update 13300/28931 loss 1.607688
update 13310/28931 loss 1.657200
update 13320/28931 loss 1.609517
update 13330/28931 loss 1.528996
update 13340/28931 loss 1.632508
update 13350/28931 loss 1.548512
update 13360/28931 loss 1.476819
update 13370/28931 loss 1.616682
update 13380/28931 loss 1.601145
update 13390/28931 loss 1.514997
update 13400/28931 loss 1.556498
update 13410/28931 loss 1.612713
update 13420/28931 loss 1.554609
update 13430/28931 loss 1.595278
update 13440/28931 loss 1.535224
update 13450/28931 loss 1.498687
update 13460/28931 loss 1.571305
update 13470/28931 loss 1.592232
update 13480/28931 loss 1.552199
update 13490/28931 loss 1.610408
update 13500/28931 loss 1.449890
update 13510/28931 loss 1.503807
update 13520/28931 loss 1.618258
update 13530/28931 loss 1.601676
update 13540/28931 loss 1.649631
update 13550/28931 loss 1.608562
update 13560/28931 loss 1.587068
update 13570/28931 loss 1.605990
update 13580/28931 loss 1.562901
update 13590/28931 loss 1.548548
update 13600/28931 loss 1.651156
update 13610/28931 loss 1.461531
update 13620/28931 loss 1.554981
update 13630/28931 loss 1.543580
update 13640/28931 loss 1.583635
update 13650/28931 loss 1.590266
update 13660/28931 loss 1.554580
update 13670/28931 loss 1.511824
update 13680/28931 loss 1.571085
update 13690/28931 loss 1.604699
update 13700/28931 loss 1.571979
update 13710/28931 loss 1.606225
update 13720/28931 loss 1.580959
update 13730/28931 loss 1.566426
update 13740/28931 loss 1.559864
update 13750/28931 loss 1.628786
update 13760/28931 loss 1.547177
update 13770/28931 loss 1.587337
update 13780/28931 loss 1.447309
update 13790/28931 loss 1.572076
update 13800/28931 loss 1.464151
update 13810/28931 loss 1.491004
update 13820/28931 loss 1.597600
update 13830/28931 loss 1.605222
update 13840/28931 loss 1.514264
update 13850/28931 loss 1.512790
update 13860/28931 loss 1.590925
update 13870/28931 loss 1.642704
update 13880/28931 loss 1.643887
update 13890/28931 loss 1.534775
update 13900/28931 loss 1.550215
update 13910/28931 loss 1.457983
update 13920/28931 loss 1.487931
update 13930/28931 loss 1.493141
update 13940/28931 loss 1.529009
update 13950/28931 loss 1.547540
update 13960/28931 loss 1.534940
update 13970/28931 loss 1.579912
update 13980/28931 loss 1.693668
update 13990/28931 loss 1.557088
update 14000/28931 loss 1.592048
update 14010/28931 loss 1.552636
update 14020/28931 loss 1.580190
update 14030/28931 loss 1.571860
update 14040/28931 loss 1.487099
update 14050/28931 loss 1.484287
update 14060/28931 loss 1.549196
update 14070/28931 loss 1.637047
update 14080/28931 loss 1.589354
update 14090/28931 loss 1.551430
update 14100/28931 loss 1.561898
update 14110/28931 loss 1.641142
update 14120/28931 loss 1.520697
update 14130/28931 loss 1.654698
update 14140/28931 loss 1.610019
update 14150/28931 loss 1.611914
update 14160/28931 loss 1.469915
update 14170/28931 loss 1.488375
update 14180/28931 loss 1.603259
update 14190/28931 loss 1.491644
update 14200/28931 loss 1.513029
update 14210/28931 loss 1.508746
update 14220/28931 loss 1.617928
update 14230/28931 loss 1.562692
update 14240/28931 loss 1.559309
update 14250/28931 loss 1.622304
update 14260/28931 loss 1.571911
update 14270/28931 loss 1.624488
update 14280/28931 loss 1.614970
update 14290/28931 loss 1.557877
update 14300/28931 loss 1.424613
update 14310/28931 loss 1.478118
update 14320/28931 loss 1.412878
update 14330/28931 loss 1.601577
update 14340/28931 loss 1.545601
update 14350/28931 loss 1.552402
update 14360/28931 loss 1.563403
update 14370/28931 loss 1.588877
update 14380/28931 loss 1.570263
update 14390/28931 loss 1.562235
update 14400/28931 loss 1.497150
update 14410/28931 loss 1.582907
update 14420/28931 loss 1.491352
update 14430/28931 loss 1.721818
update 14440/28931 loss 1.563698
update 14450/28931 loss 1.663078
update 14460/28931 loss 1.630944
update 14470/28931 loss 1.519603
update 14480/28931 loss 1.504543
update 14490/28931 loss 1.639247
update 14500/28931 loss 1.637422
update 14510/28931 loss 1.573233
update 14520/28931 loss 1.628459
update 14530/28931 loss 1.583110
update 14540/28931 loss 1.542070
update 14550/28931 loss 1.501397
update 14560/28931 loss 1.729659
update 14570/28931 loss 1.505898
update 14580/28931 loss 1.510669
update 14590/28931 loss 1.543010
update 14600/28931 loss 1.481249
update 14610/28931 loss 1.441183
update 14620/28931 loss 1.556788
update 14630/28931 loss 1.509635
update 14640/28931 loss 1.533618
update 14650/28931 loss 1.448702
update 14660/28931 loss 1.558700
update 14670/28931 loss 1.458799
update 14680/28931 loss 1.595157
update 14690/28931 loss 1.540990
update 14700/28931 loss 1.521403
update 14710/28931 loss 1.573818
update 14720/28931 loss 1.604694
update 14730/28931 loss 1.588350
update 14740/28931 loss 1.559998
update 14750/28931 loss 1.542461
update 14760/28931 loss 1.582745
update 14770/28931 loss 1.565322
update 14780/28931 loss 1.539995
update 14790/28931 loss 1.585872
update 14800/28931 loss 1.611576
update 14810/28931 loss 1.509576
update 14820/28931 loss 1.520906
update 14830/28931 loss 1.557667
update 14840/28931 loss 1.571387
update 14850/28931 loss 1.617920
update 14860/28931 loss 1.464844
update 14870/28931 loss 1.575189
update 14880/28931 loss 1.593547
update 14890/28931 loss 1.505886
update 14900/28931 loss 1.523357
update 14910/28931 loss 1.492391
update 14920/28931 loss 1.480804
update 14930/28931 loss 1.502675
update 14940/28931 loss 1.609292
update 14950/28931 loss 1.494812
update 14960/28931 loss 1.612678
update 14970/28931 loss 1.581649
update 14980/28931 loss 1.673630
update 14990/28931 loss 1.520179
update 15000/28931 loss 1.494876
update 15010/28931 loss 1.513525
update 15020/28931 loss 1.537366
update 15030/28931 loss 1.510211
update 15040/28931 loss 1.602757
update 15050/28931 loss 1.632973
update 15060/28931 loss 1.640257
update 15070/28931 loss 1.656183
update 15080/28931 loss 1.489876
update 15090/28931 loss 1.556674
update 15100/28931 loss 1.559001
update 15110/28931 loss 1.575733
update 15120/28931 loss 1.471494
update 15130/28931 loss 1.522792
update 15140/28931 loss 1.553927
update 15150/28931 loss 1.600351
update 15160/28931 loss 1.562685
update 15170/28931 loss 1.640036
update 15180/28931 loss 1.580573
update 15190/28931 loss 1.427652
update 15200/28931 loss 1.615434
update 15210/28931 loss 1.529947
update 15220/28931 loss 1.501098
update 15230/28931 loss 1.476152
update 15240/28931 loss 1.604422
update 15250/28931 loss 1.540858
update 15260/28931 loss 1.551329
update 15270/28931 loss 1.618840
update 15280/28931 loss 1.590777
update 15290/28931 loss 1.631860
update 15300/28931 loss 1.628243
update 15310/28931 loss 1.538140
update 15320/28931 loss 1.557642
update 15330/28931 loss 1.508048
update 15340/28931 loss 1.542270
update 15350/28931 loss 1.601741
update 15360/28931 loss 1.519319
update 15370/28931 loss 1.434644
update 15380/28931 loss 1.549287
update 15390/28931 loss 1.547117
update 15400/28931 loss 1.503645
update 15410/28931 loss 1.601538
update 15420/28931 loss 1.449924
update 15430/28931 loss 1.456513
update 15440/28931 loss 1.565429
update 15450/28931 loss 1.574152
update 15460/28931 loss 1.502541
update 15470/28931 loss 1.475387
update 15480/28931 loss 1.546811
update 15490/28931 loss 1.508861
update 15500/28931 loss 1.619625
update 15510/28931 loss 1.579058
update 15520/28931 loss 1.582449
update 15530/28931 loss 1.544098
update 15540/28931 loss 1.557035
update 15550/28931 loss 1.631078
update 15560/28931 loss 1.538560
update 15570/28931 loss 1.518894
update 15580/28931 loss 1.502691
update 15590/28931 loss 1.649314
update 15600/28931 loss 1.682353
update 15610/28931 loss 1.561754
update 15620/28931 loss 1.579356
update 15630/28931 loss 1.605738
update 15640/28931 loss 1.627490
update 15650/28931 loss 1.539964
update 15660/28931 loss 1.624886
update 15670/28931 loss 1.637789
update 15680/28931 loss 1.583315
update 15690/28931 loss 1.530350
update 15700/28931 loss 1.511154
update 15710/28931 loss 1.469618
update 15720/28931 loss 1.534193
update 15730/28931 loss 1.662682
update 15740/28931 loss 1.488265
update 15750/28931 loss 1.519020
update 15760/28931 loss 1.632789
update 15770/28931 loss 1.595609
update 15780/28931 loss 1.607803
update 15790/28931 loss 1.570267
update 15800/28931 loss 1.414936
update 15810/28931 loss 1.533425
update 15820/28931 loss 1.595318
update 15830/28931 loss 1.582214
update 15840/28931 loss 1.516395
update 15850/28931 loss 1.518420
update 15860/28931 loss 1.609537
update 15870/28931 loss 1.546397
update 15880/28931 loss 1.470033
update 15890/28931 loss 1.516701
update 15900/28931 loss 1.569484
update 15910/28931 loss 1.526461
update 15920/28931 loss 1.506755
update 15930/28931 loss 1.480758
update 15940/28931 loss 1.548941
update 15950/28931 loss 1.580345
update 15960/28931 loss 1.475874
update 15970/28931 loss 1.617576
update 15980/28931 loss 1.567752
update 15990/28931 loss 1.529704
update 16000/28931 loss 1.472208
update 16010/28931 loss 1.518184
update 16020/28931 loss 1.472484
update 16030/28931 loss 1.550381
update 16040/28931 loss 1.490680
update 16050/28931 loss 1.610631
update 16060/28931 loss 1.426566
update 16070/28931 loss 1.627276
update 16080/28931 loss 1.489462
update 16090/28931 loss 1.416431
update 16100/28931 loss 1.589314
update 16110/28931 loss 1.531212
update 16120/28931 loss 1.501697
update 16130/28931 loss 1.527146
update 16140/28931 loss 1.515772
update 16150/28931 loss 1.563600
update 16160/28931 loss 1.519705
update 16170/28931 loss 1.473247
update 16180/28931 loss 1.570693
update 16190/28931 loss 1.396235
update 16200/28931 loss 1.496583
update 16210/28931 loss 1.496769
update 16220/28931 loss 1.518582
update 16230/28931 loss 1.540388
update 16240/28931 loss 1.490387
update 16250/28931 loss 1.475965
update 16260/28931 loss 1.512612
update 16270/28931 loss 1.441906
update 16280/28931 loss 1.523144
update 16290/28931 loss 1.393099
update 16300/28931 loss 1.540502
update 16310/28931 loss 1.437024
update 16320/28931 loss 1.573556
update 16330/28931 loss 1.564462
update 16340/28931 loss 1.607895
update 16350/28931 loss 1.524130
update 16360/28931 loss 1.504770
update 16370/28931 loss 1.609322
update 16380/28931 loss 1.565954
update 16390/28931 loss 1.662264
update 16400/28931 loss 1.535764
update 16410/28931 loss 1.467114
update 16420/28931 loss 1.436055
update 16430/28931 loss 1.580931
update 16440/28931 loss 1.577309
update 16450/28931 loss 1.518718
update 16460/28931 loss 1.541044
update 16470/28931 loss 1.680607
update 16480/28931 loss 1.577111
update 16490/28931 loss 1.429981
update 16500/28931 loss 1.524976
update 16510/28931 loss 1.568293
update 16520/28931 loss 1.601260
update 16530/28931 loss 1.599851
update 16540/28931 loss 1.544828
update 16550/28931 loss 1.599877
update 16560/28931 loss 1.500380
update 16570/28931 loss 1.505193
update 16580/28931 loss 1.607159
update 16590/28931 loss 1.476095
update 16600/28931 loss 1.564929
update 16610/28931 loss 1.447216
update 16620/28931 loss 1.522628
update 16630/28931 loss 1.525623
update 16640/28931 loss 1.587518
update 16650/28931 loss 1.512137
update 16660/28931 loss 1.507151
update 16670/28931 loss 1.690871
update 16680/28931 loss 1.556466
update 16690/28931 loss 1.472174
update 16700/28931 loss 1.500618
update 16710/28931 loss 1.564450
update 16720/28931 loss 1.506736
update 16730/28931 loss 1.514759
update 16740/28931 loss 1.480206
update 16750/28931 loss 1.520134
update 16760/28931 loss 1.595290
update 16770/28931 loss 1.477931
update 16780/28931 loss 1.468467
update 16790/28931 loss 1.410497
update 16800/28931 loss 1.450411
update 16810/28931 loss 1.479792
update 16820/28931 loss 1.541376
update 16830/28931 loss 1.451428
update 16840/28931 loss 1.438765
update 16850/28931 loss 1.424239
update 16860/28931 loss 1.561411
update 16870/28931 loss 1.610788
update 16880/28931 loss 1.534798
update 16890/28931 loss 1.545399
update 16900/28931 loss 1.633844
update 16910/28931 loss 1.558295
update 16920/28931 loss 1.600661
update 16930/28931 loss 1.533397
update 16940/28931 loss 1.538925
update 16950/28931 loss 1.482633
update 16960/28931 loss 1.546541
update 16970/28931 loss 1.548944
update 16980/28931 loss 1.495834
update 16990/28931 loss 1.616704
update 17000/28931 loss 1.614929
update 17010/28931 loss 1.696044
update 17020/28931 loss 1.556245
update 17030/28931 loss 1.575861
update 17040/28931 loss 1.507782
update 17050/28931 loss 1.637035
update 17060/28931 loss 1.628057
update 17070/28931 loss 1.517925
update 17080/28931 loss 1.542089
update 17090/28931 loss 1.552082
update 17100/28931 loss 1.561998
update 17110/28931 loss 1.524482
update 17120/28931 loss 1.477728
update 17130/28931 loss 1.529462
update 17140/28931 loss 1.583655
update 17150/28931 loss 1.507082
update 17160/28931 loss 1.577299
update 17170/28931 loss 1.551025
update 17180/28931 loss 1.670929
update 17190/28931 loss 1.568187
update 17200/28931 loss 1.468087
update 17210/28931 loss 1.495738
update 17220/28931 loss 1.556860
update 17230/28931 loss 1.467286
update 17240/28931 loss 1.498904
update 17250/28931 loss 1.454481
update 17260/28931 loss 1.579518
update 17270/28931 loss 1.476169
update 17280/28931 loss 1.559059
update 17290/28931 loss 1.591150
update 17300/28931 loss 1.566194
update 17310/28931 loss 1.414583
update 17320/28931 loss 1.367316
update 17330/28931 loss 1.527254
update 17340/28931 loss 1.574653
update 17350/28931 loss 1.537450
update 17360/28931 loss 1.435504
update 17370/28931 loss 1.540719
update 17380/28931 loss 1.534314
update 17390/28931 loss 1.499207
update 17400/28931 loss 1.641440
update 17410/28931 loss 1.513780
update 17420/28931 loss 1.480352
update 17430/28931 loss 1.566426
update 17440/28931 loss 1.468683
update 17450/28931 loss 1.421984
update 17460/28931 loss 1.462886
update 17470/28931 loss 1.509506
update 17480/28931 loss 1.487305
update 17490/28931 loss 1.585223
update 17500/28931 loss 1.591710
update 17510/28931 loss 1.656715
update 17520/28931 loss 1.458082
update 17530/28931 loss 1.493030
update 17540/28931 loss 1.530482
update 17550/28931 loss 1.564293
update 17560/28931 loss 1.519001
update 17570/28931 loss 1.435189
update 17580/28931 loss 1.576670
update 17590/28931 loss 1.525331
update 17600/28931 loss 1.513266
update 17610/28931 loss 1.613922
update 17620/28931 loss 1.492158
update 17630/28931 loss 1.424324
update 17640/28931 loss 1.500343
update 17650/28931 loss 1.486815
update 17660/28931 loss 1.414132
update 17670/28931 loss 1.482704
update 17680/28931 loss 1.493412
update 17690/28931 loss 1.491424
update 17700/28931 loss 1.490542
update 17710/28931 loss 1.613712
update 17720/28931 loss 1.468657
update 17730/28931 loss 1.653122
update 17740/28931 loss 1.543754
update 17750/28931 loss 1.482387
update 17760/28931 loss 1.690174
update 17770/28931 loss 1.387297
update 17780/28931 loss 1.629495
update 17790/28931 loss 1.610130
update 17800/28931 loss 1.472757
update 17810/28931 loss 1.568921
update 17820/28931 loss 1.640931
update 17830/28931 loss 1.586512
update 17840/28931 loss 1.488841
update 17850/28931 loss 1.520725
update 17860/28931 loss 1.547886
update 17870/28931 loss 1.561460
update 17880/28931 loss 1.567991
update 17890/28931 loss 1.500304
update 17900/28931 loss 1.475803
update 17910/28931 loss 1.483144
update 17920/28931 loss 1.338943
update 17930/28931 loss 1.516058
update 17940/28931 loss 1.496099
update 17950/28931 loss 1.535267
update 17960/28931 loss 1.577963
update 17970/28931 loss 1.589400
update 17980/28931 loss 1.541092
update 17990/28931 loss 1.477247
update 18000/28931 loss 1.583510
update 18010/28931 loss 1.519081
update 18020/28931 loss 1.525336
update 18030/28931 loss 1.640816
update 18040/28931 loss 1.425873
update 18050/28931 loss 1.509387
update 18060/28931 loss 1.445253
update 18070/28931 loss 1.492853
update 18080/28931 loss 1.384366
update 18090/28931 loss 1.584850
update 18100/28931 loss 1.521946
update 18110/28931 loss 1.518770
update 18120/28931 loss 1.522179
update 18130/28931 loss 1.562058
update 18140/28931 loss 1.555866
update 18150/28931 loss 1.597504
update 18160/28931 loss 1.565185
update 18170/28931 loss 1.523582
update 18180/28931 loss 1.457805
update 18190/28931 loss 1.480468
update 18200/28931 loss 1.477685
update 18210/28931 loss 1.625815
update 18220/28931 loss 1.523350
update 18230/28931 loss 1.488196
update 18240/28931 loss 1.447368
update 18250/28931 loss 1.508189
update 18260/28931 loss 1.508320
update 18270/28931 loss 1.589557
update 18280/28931 loss 1.594445
update 18290/28931 loss 1.526719
update 18300/28931 loss 1.585083
update 18310/28931 loss 1.564884
update 18320/28931 loss 1.480366
update 18330/28931 loss 1.530420
update 18340/28931 loss 1.501357
update 18350/28931 loss 1.472730
update 18360/28931 loss 1.504961
update 18370/28931 loss 1.546521
update 18380/28931 loss 1.452960
update 18390/28931 loss 1.566689
update 18400/28931 loss 1.502753
update 18410/28931 loss 1.493386
update 18420/28931 loss 1.552772
update 18430/28931 loss 1.330073
update 18440/28931 loss 1.501832
update 18450/28931 loss 1.491491
update 18460/28931 loss 1.472125
update 18470/28931 loss 1.627082
update 18480/28931 loss 1.475562
update 18490/28931 loss 1.500395
update 18500/28931 loss 1.453464
update 18510/28931 loss 1.563616
update 18520/28931 loss 1.627594
update 18530/28931 loss 1.472788
update 18540/28931 loss 1.494152
update 18550/28931 loss 1.545837
update 18560/28931 loss 1.448961
update 18570/28931 loss 1.590955
update 18580/28931 loss 1.530732
update 18590/28931 loss 1.516380
update 18600/28931 loss 1.475942
update 18610/28931 loss 1.447996
update 18620/28931 loss 1.548012
update 18630/28931 loss 1.459590
update 18640/28931 loss 1.421184
update 18650/28931 loss 1.493560
update 18660/28931 loss 1.507629
update 18670/28931 loss 1.589500
update 18680/28931 loss 1.598427
update 18690/28931 loss 1.483385
update 18700/28931 loss 1.528047
update 18710/28931 loss 1.511011
update 18720/28931 loss 1.580259
update 18730/28931 loss 1.540048
update 18740/28931 loss 1.504042
update 18750/28931 loss 1.577778
update 18760/28931 loss 1.531618
update 18770/28931 loss 1.591624
update 18780/28931 loss 1.509091
update 18790/28931 loss 1.449254
update 18800/28931 loss 1.535469
update 18810/28931 loss 1.499180
update 18820/28931 loss 1.618924
update 18830/28931 loss 1.489797
update 18840/28931 loss 1.550073
update 18850/28931 loss 1.418895
update 18860/28931 loss 1.475518
update 18870/28931 loss 1.535722
update 18880/28931 loss 1.549041
update 18890/28931 loss 1.505790
update 18900/28931 loss 1.495919
update 18910/28931 loss 1.403467
update 18920/28931 loss 1.450115
update 18930/28931 loss 1.467306
update 18940/28931 loss 1.463902
update 18950/28931 loss 1.531942
update 18960/28931 loss 1.569784
update 18970/28931 loss 1.490121
update 18980/28931 loss 1.537194
update 18990/28931 loss 1.533616
update 19000/28931 loss 1.387839
update 19010/28931 loss 1.501687
update 19020/28931 loss 1.385949
update 19030/28931 loss 1.500952
update 19040/28931 loss 1.421338
update 19050/28931 loss 1.500205
update 19060/28931 loss 1.580967
update 19070/28931 loss 1.435584
update 19080/28931 loss 1.467384
update 19090/28931 loss 1.563315
update 19100/28931 loss 1.490129
update 19110/28931 loss 1.646839
update 19120/28931 loss 1.388871
update 19130/28931 loss 1.448587
update 19140/28931 loss 1.525482
update 19150/28931 loss 1.492666
update 19160/28931 loss 1.515830
update 19170/28931 loss 1.629167
update 19180/28931 loss 1.430092
update 19190/28931 loss 1.532125
update 19200/28931 loss 1.521764
update 19210/28931 loss 1.574553
update 19220/28931 loss 1.519225
update 19230/28931 loss 1.531310
update 19240/28931 loss 1.413857
update 19250/28931 loss 1.492621
update 19260/28931 loss 1.521778
update 19270/28931 loss 1.557517
update 19280/28931 loss 1.554005
update 19290/28931 loss 1.453248
update 19300/28931 loss 1.532521
update 19310/28931 loss 1.437997
update 19320/28931 loss 1.588550
update 19330/28931 loss 1.569625
update 19340/28931 loss 1.562447
update 19350/28931 loss 1.556062
update 19360/28931 loss 1.435629
update 19370/28931 loss 1.558748
update 19380/28931 loss 1.454857
update 19390/28931 loss 1.579443
update 19400/28931 loss 1.463639
update 19410/28931 loss 1.567778
update 19420/28931 loss 1.567967
update 19430/28931 loss 1.600972
update 19440/28931 loss 1.500746
update 19450/28931 loss 1.535122
update 19460/28931 loss 1.503345
update 19470/28931 loss 1.663508
update 19480/28931 loss 1.510379
update 19490/28931 loss 1.491651
update 19500/28931 loss 1.530646
update 19510/28931 loss 1.592615
update 19520/28931 loss 1.438014
update 19530/28931 loss 1.560633
update 19540/28931 loss 1.472096
update 19550/28931 loss 1.565439
update 19560/28931 loss 1.588729
update 19570/28931 loss 1.607132
update 19580/28931 loss 1.544887
update 19590/28931 loss 1.497702
update 19600/28931 loss 1.476937
update 19610/28931 loss 1.574668
update 19620/28931 loss 1.520903
update 19630/28931 loss 1.527863
update 19640/28931 loss 1.475825
update 19650/28931 loss 1.562096
update 19660/28931 loss 1.547125
update 19670/28931 loss 1.639125
update 19680/28931 loss 1.511061
update 19690/28931 loss 1.590006
update 19700/28931 loss 1.579357
update 19710/28931 loss 1.522570
update 19720/28931 loss 1.501703
update 19730/28931 loss 1.471711
update 19740/28931 loss 1.484517
update 19750/28931 loss 1.499210
update 19760/28931 loss 1.495960
update 19770/28931 loss 1.563873
update 19780/28931 loss 1.433667
update 19790/28931 loss 1.513901
update 19800/28931 loss 1.486954
update 19810/28931 loss 1.522652
update 19820/28931 loss 1.397087
update 19830/28931 loss 1.550342
update 19840/28931 loss 1.609517
update 19850/28931 loss 1.529611
update 19860/28931 loss 1.458217
update 19870/28931 loss 1.461453
update 19880/28931 loss 1.505714
update 19890/28931 loss 1.351009
update 19900/28931 loss 1.560290
update 19910/28931 loss 1.379458
update 19920/28931 loss 1.510456
update 19930/28931 loss 1.537937
update 19940/28931 loss 1.505179
update 19950/28931 loss 1.652030
update 19960/28931 loss 1.554997
update 19970/28931 loss 1.460570
update 19980/28931 loss 1.513607
update 19990/28931 loss 1.576256
update 20000/28931 loss 1.570051
update 20010/28931 loss 1.573258
update 20020/28931 loss 1.522914
update 20030/28931 loss 1.428086
update 20040/28931 loss 1.513190
update 20050/28931 loss 1.478140
update 20060/28931 loss 1.441669
update 20070/28931 loss 1.525671
update 20080/28931 loss 1.452127
update 20090/28931 loss 1.477610
update 20100/28931 loss 1.602468
update 20110/28931 loss 1.515666
update 20120/28931 loss 1.550354
update 20130/28931 loss 1.568716
update 20140/28931 loss 1.493191
update 20150/28931 loss 1.505260
update 20160/28931 loss 1.550041
update 20170/28931 loss 1.431653
update 20180/28931 loss 1.472500
update 20190/28931 loss 1.583274
update 20200/28931 loss 1.440354
update 20210/28931 loss 1.474308
update 20220/28931 loss 1.426986
update 20230/28931 loss 1.406168
update 20240/28931 loss 1.616036
update 20250/28931 loss 1.567113
update 20260/28931 loss 1.458660
update 20270/28931 loss 1.526935
update 20280/28931 loss 1.462870
update 20290/28931 loss 1.494142
update 20300/28931 loss 1.514302
update 20310/28931 loss 1.441262
update 20320/28931 loss 1.399642
update 20330/28931 loss 1.454028
update 20340/28931 loss 1.491741
update 20350/28931 loss 1.543312
update 20360/28931 loss 1.516776
update 20370/28931 loss 1.528422
update 20380/28931 loss 1.571323
update 20390/28931 loss 1.526676
update 20400/28931 loss 1.572289
update 20410/28931 loss 1.544904
update 20420/28931 loss 1.485583
update 20430/28931 loss 1.585061
update 20440/28931 loss 1.522172
update 20450/28931 loss 1.549074
update 20460/28931 loss 1.526905
update 20470/28931 loss 1.537549
update 20480/28931 loss 1.615907
update 20490/28931 loss 1.512439
update 20500/28931 loss 1.534186
update 20510/28931 loss 1.518930
update 20520/28931 loss 1.498943
update 20530/28931 loss 1.618910
update 20540/28931 loss 1.500439
update 20550/28931 loss 1.566700
update 20560/28931 loss 1.476695
update 20570/28931 loss 1.487796
update 20580/28931 loss 1.477319
update 20590/28931 loss 1.390369
update 20600/28931 loss 1.545550
update 20610/28931 loss 1.479541
update 20620/28931 loss 1.450912
update 20630/28931 loss 1.497885
update 20640/28931 loss 1.527016
update 20650/28931 loss 1.502311
update 20660/28931 loss 1.564971
update 20670/28931 loss 1.456934
update 20680/28931 loss 1.507298
update 20690/28931 loss 1.529885
update 20700/28931 loss 1.509866
update 20710/28931 loss 1.558812
update 20720/28931 loss 1.574657
update 20730/28931 loss 1.331785
update 20740/28931 loss 1.417908
update 20750/28931 loss 1.512582
update 20760/28931 loss 1.549205
update 20770/28931 loss 1.470114
update 20780/28931 loss 1.454147
update 20790/28931 loss 1.479623
update 20800/28931 loss 1.573825
update 20810/28931 loss 1.560784
update 20820/28931 loss 1.403466
update 20830/28931 loss 1.492087
update 20840/28931 loss 1.467344
update 20850/28931 loss 1.497572
update 20860/28931 loss 1.588414
update 20870/28931 loss 1.504021
update 20880/28931 loss 1.467575
update 20890/28931 loss 1.603396
update 20900/28931 loss 1.479169
update 20910/28931 loss 1.516513
update 20920/28931 loss 1.522153
update 20930/28931 loss 1.637921
update 20940/28931 loss 1.558887
update 20950/28931 loss 1.589498
update 20960/28931 loss 1.610383
update 20970/28931 loss 1.536480
update 20980/28931 loss 1.528902
update 20990/28931 loss 1.433713
update 21000/28931 loss 1.575846
update 21010/28931 loss 1.489217
update 21020/28931 loss 1.532654
update 21030/28931 loss 1.462724
update 21040/28931 loss 1.494309
update 21050/28931 loss 1.489593
update 21060/28931 loss 1.477031
update 21070/28931 loss 1.542192
update 21080/28931 loss 1.566363
update 21090/28931 loss 1.431900
update 21100/28931 loss 1.607970
update 21110/28931 loss 1.536309
update 21120/28931 loss 1.541216
update 21130/28931 loss 1.425899
update 21140/28931 loss 1.570889
update 21150/28931 loss 1.372954
update 21160/28931 loss 1.526104
update 21170/28931 loss 1.510086
update 21180/28931 loss 1.368053
update 21190/28931 loss 1.457383
update 21200/28931 loss 1.507102
update 21210/28931 loss 1.610592
update 21220/28931 loss 1.457715
update 21230/28931 loss 1.475305
update 21240/28931 loss 1.521976
update 21250/28931 loss 1.430290
update 21260/28931 loss 1.555562
update 21270/28931 loss 1.531938
update 21280/28931 loss 1.590323
update 21290/28931 loss 1.477222
update 21300/28931 loss 1.409632
update 21310/28931 loss 1.524053
update 21320/28931 loss 1.501437
update 21330/28931 loss 1.611951
update 21340/28931 loss 1.505081
update 21350/28931 loss 1.428348
update 21360/28931 loss 1.397060
update 21370/28931 loss 1.565742
update 21380/28931 loss 1.544981
update 21390/28931 loss 1.527259
update 21400/28931 loss 1.499245
update 21410/28931 loss 1.507169
update 21420/28931 loss 1.537066
update 21430/28931 loss 1.454915
update 21440/28931 loss 1.530565
update 21450/28931 loss 1.498911
update 21460/28931 loss 1.464535
update 21470/28931 loss 1.511725
update 21480/28931 loss 1.362356
update 21490/28931 loss 1.571458
update 21500/28931 loss 1.536845
update 21510/28931 loss 1.575752
update 21520/28931 loss 1.469638
update 21530/28931 loss 1.445542
update 21540/28931 loss 1.560709
update 21550/28931 loss 1.579846
update 21560/28931 loss 1.423792
update 21570/28931 loss 1.488338
update 21580/28931 loss 1.439478
update 21590/28931 loss 1.387079
update 21600/28931 loss 1.487882
update 21610/28931 loss 1.448586
update 21620/28931 loss 1.434647
update 21630/28931 loss 1.517201
update 21640/28931 loss 1.508514
update 21650/28931 loss 1.470013
update 21660/28931 loss 1.435611
update 21670/28931 loss 1.447424
update 21680/28931 loss 1.449173
update 21690/28931 loss 1.523618
update 21700/28931 loss 1.487803
update 21710/28931 loss 1.438759
update 21720/28931 loss 1.463115
update 21730/28931 loss 1.563340
update 21740/28931 loss 1.480236
update 21750/28931 loss 1.398242
update 21760/28931 loss 1.507664
update 21770/28931 loss 1.528733
update 21780/28931 loss 1.405155
update 21790/28931 loss 1.451925
update 21800/28931 loss 1.487078
update 21810/28931 loss 1.631030
update 21820/28931 loss 1.565192
update 21830/28931 loss 1.545575
update 21840/28931 loss 1.536249
update 21850/28931 loss 1.460621
update 21860/28931 loss 1.614372
update 21870/28931 loss 1.547246
update 21880/28931 loss 1.437054
update 21890/28931 loss 1.630764
update 21900/28931 loss 1.644551
update 21910/28931 loss 1.506126
update 21920/28931 loss 1.443277
update 21930/28931 loss 1.493350
update 21940/28931 loss 1.436519
update 21950/28931 loss 1.384712
update 21960/28931 loss 1.514191
update 21970/28931 loss 1.443370
update 21980/28931 loss 1.523688
update 21990/28931 loss 1.628541
update 22000/28931 loss 1.518524
update 22010/28931 loss 1.384647
update 22020/28931 loss 1.445191
update 22030/28931 loss 1.556753
update 22040/28931 loss 1.521357
update 22050/28931 loss 1.585918
update 22060/28931 loss 1.596269
update 22070/28931 loss 1.515224
update 22080/28931 loss 1.549865
update 22090/28931 loss 1.609487
update 22100/28931 loss 1.509955
update 22110/28931 loss 1.517253
update 22120/28931 loss 1.558901
update 22130/28931 loss 1.541039
update 22140/28931 loss 1.516867
update 22150/28931 loss 1.446431
update 22160/28931 loss 1.552765
update 22170/28931 loss 1.524083
update 22180/28931 loss 1.493348
update 22190/28931 loss 1.497997
update 22200/28931 loss 1.503651
update 22210/28931 loss 1.492028
update 22220/28931 loss 1.466854
update 22230/28931 loss 1.474325
update 22240/28931 loss 1.507374
update 22250/28931 loss 1.414854
update 22260/28931 loss 1.479779
update 22270/28931 loss 1.528972
update 22280/28931 loss 1.505981
update 22290/28931 loss 1.519348
update 22300/28931 loss 1.586187
update 22310/28931 loss 1.604224
update 22320/28931 loss 1.480295
update 22330/28931 loss 1.443613
update 22340/28931 loss 1.517149
update 22350/28931 loss 1.486524
update 22360/28931 loss 1.487116
update 22370/28931 loss 1.468047
update 22380/28931 loss 1.553986
update 22390/28931 loss 1.555689
update 22400/28931 loss 1.570204
update 22410/28931 loss 1.493262
update 22420/28931 loss 1.444250
update 22430/28931 loss 1.531075
update 22440/28931 loss 1.485211
update 22450/28931 loss 1.532326
update 22460/28931 loss 1.515350
update 22470/28931 loss 1.401590
update 22480/28931 loss 1.474569
update 22490/28931 loss 1.514936
update 22500/28931 loss 1.566569
update 22510/28931 loss 1.589542
update 22520/28931 loss 1.566597
update 22530/28931 loss 1.530095
update 22540/28931 loss 1.499821
update 22550/28931 loss 1.536052
update 22560/28931 loss 1.631273
update 22570/28931 loss 1.556322
update 22580/28931 loss 1.553326
update 22590/28931 loss 1.558585
update 22600/28931 loss 1.588723
update 22610/28931 loss 1.542046
update 22620/28931 loss 1.440567
update 22630/28931 loss 1.470918
update 22640/28931 loss 1.477674
update 22650/28931 loss 1.439811
update 22660/28931 loss 1.363317
update 22670/28931 loss 1.475586
update 22680/28931 loss 1.543120
update 22690/28931 loss 1.500576
update 22700/28931 loss 1.414999
update 22710/28931 loss 1.577733
update 22720/28931 loss 1.510956
update 22730/28931 loss 1.508651
update 22740/28931 loss 1.452398
update 22750/28931 loss 1.403493
update 22760/28931 loss 1.430756
update 22770/28931 loss 1.500826
update 22780/28931 loss 1.508002
update 22790/28931 loss 1.457023
update 22800/28931 loss 1.518664
update 22810/28931 loss 1.543321
update 22820/28931 loss 1.593738
update 22830/28931 loss 1.619146
update 22840/28931 loss 1.523400
update 22850/28931 loss 1.571508
update 22860/28931 loss 1.385829
update 22870/28931 loss 1.499841
update 22880/28931 loss 1.485754
update 22890/28931 loss 1.609222
update 22900/28931 loss 1.460615
update 22910/28931 loss 1.514423
update 22920/28931 loss 1.431568
update 22930/28931 loss 1.576415
update 22940/28931 loss 1.541663
update 22950/28931 loss 1.417114
update 22960/28931 loss 1.509158
update 22970/28931 loss 1.514795
update 22980/28931 loss 1.489858
update 22990/28931 loss 1.500615
update 23000/28931 loss 1.479382
update 23010/28931 loss 1.499156
update 23020/28931 loss 1.504797
update 23030/28931 loss 1.375745
update 23040/28931 loss 1.551216
update 23050/28931 loss 1.437558
update 23060/28931 loss 1.418832
update 23070/28931 loss 1.550679
update 23080/28931 loss 1.529741
update 23090/28931 loss 1.497115
update 23100/28931 loss 1.541675
update 23110/28931 loss 1.492149
update 23120/28931 loss 1.599005
update 23130/28931 loss 1.551620
update 23140/28931 loss 1.446484
update 23150/28931 loss 1.511747
update 23160/28931 loss 1.571202
update 23170/28931 loss 1.434214
update 23180/28931 loss 1.374016
update 23190/28931 loss 1.503139
update 23200/28931 loss 1.444530
update 23210/28931 loss 1.595415
update 23220/28931 loss 1.362028
update 23230/28931 loss 1.515026
update 23240/28931 loss 1.378928
update 23250/28931 loss 1.532302
update 23260/28931 loss 1.550877
update 23270/28931 loss 1.499853
update 23280/28931 loss 1.530245
update 23290/28931 loss 1.423304
update 23300/28931 loss 1.451188
update 23310/28931 loss 1.488069
update 23320/28931 loss 1.431457
update 23330/28931 loss 1.493309
update 23340/28931 loss 1.568934
update 23350/28931 loss 1.540728
update 23360/28931 loss 1.411055
update 23370/28931 loss 1.485160
update 23380/28931 loss 1.456594
update 23390/28931 loss 1.551564
update 23400/28931 loss 1.448369
update 23410/28931 loss 1.438445
update 23420/28931 loss 1.420411
update 23430/28931 loss 1.462435
update 23440/28931 loss 1.451050
update 23450/28931 loss 1.553887
update 23460/28931 loss 1.561709
update 23470/28931 loss 1.450151
update 23480/28931 loss 1.397081
update 23490/28931 loss 1.501304
update 23500/28931 loss 1.527810
update 23510/28931 loss 1.492923
update 23520/28931 loss 1.458513
update 23530/28931 loss 1.504517
update 23540/28931 loss 1.345642
update 23550/28931 loss 1.486100
update 23560/28931 loss 1.489613
update 23570/28931 loss 1.502442
update 23580/28931 loss 1.514853
update 23590/28931 loss 1.509058
update 23600/28931 loss 1.470614
update 23610/28931 loss 1.390582
update 23620/28931 loss 1.438606
update 23630/28931 loss 1.468461
update 23640/28931 loss 1.446513
update 23650/28931 loss 1.562672
update 23660/28931 loss 1.487758
update 23670/28931 loss 1.537234
update 23680/28931 loss 1.471064
update 23690/28931 loss 1.692201
update 23700/28931 loss 1.524452
update 23710/28931 loss 1.495798
update 23720/28931 loss 1.517453
update 23730/28931 loss 1.563411
update 23740/28931 loss 1.462846
update 23750/28931 loss 1.447936
update 23760/28931 loss 1.562696
update 23770/28931 loss 1.576838
update 23780/28931 loss 1.459859
update 23790/28931 loss 1.622411
update 23800/28931 loss 1.528925
update 23810/28931 loss 1.425905
update 23820/28931 loss 1.552729
update 23830/28931 loss 1.501371
update 23840/28931 loss 1.423553
update 23850/28931 loss 1.495175
update 23860/28931 loss 1.459213
update 23870/28931 loss 1.523002
update 23880/28931 loss 1.465423
update 23890/28931 loss 1.592296
update 23900/28931 loss 1.545144
update 23910/28931 loss 1.388541
update 23920/28931 loss 1.467060
update 23930/28931 loss 1.579630
update 23940/28931 loss 1.540558
update 23950/28931 loss 1.433463
update 23960/28931 loss 1.487945
update 23970/28931 loss 1.548873
update 23980/28931 loss 1.488466
update 23990/28931 loss 1.463647
update 24000/28931 loss 1.467168
update 24010/28931 loss 1.515822
update 24020/28931 loss 1.510023
update 24030/28931 loss 1.546653
update 24040/28931 loss 1.437390
update 24050/28931 loss 1.494882
update 24060/28931 loss 1.595153
update 24070/28931 loss 1.473626
update 24080/28931 loss 1.589354
update 24090/28931 loss 1.408484
update 24100/28931 loss 1.706725
update 24110/28931 loss 1.450942
update 24120/28931 loss 1.500604
update 24130/28931 loss 1.545237
update 24140/28931 loss 1.433925
update 24150/28931 loss 1.465224
update 24160/28931 loss 1.500411
update 24170/28931 loss 1.513239
update 24180/28931 loss 1.460472
update 24190/28931 loss 1.434914
update 24200/28931 loss 1.556638
update 24210/28931 loss 1.410518
update 24220/28931 loss 1.587630
update 24230/28931 loss 1.539082
update 24240/28931 loss 1.460136
update 24250/28931 loss 1.524512
update 24260/28931 loss 1.640685
update 24270/28931 loss 1.532168
update 24280/28931 loss 1.522521
update 24290/28931 loss 1.555713
update 24300/28931 loss 1.632153
update 24310/28931 loss 1.555633
update 24320/28931 loss 1.431442
update 24330/28931 loss 1.488025
update 24340/28931 loss 1.511403
update 24350/28931 loss 1.408759
update 24360/28931 loss 1.549136
update 24370/28931 loss 1.550640
update 24380/28931 loss 1.505991
update 24390/28931 loss 1.501339
update 24400/28931 loss 1.404269
update 24410/28931 loss 1.344647
update 24420/28931 loss 1.525205
update 24430/28931 loss 1.541661
update 24440/28931 loss 1.446798
update 24450/28931 loss 1.430082
update 24460/28931 loss 1.385281
update 24470/28931 loss 1.405538
update 24480/28931 loss 1.552486
update 24490/28931 loss 1.497990
update 24500/28931 loss 1.576787
update 24510/28931 loss 1.531245
update 24520/28931 loss 1.474908
update 24530/28931 loss 1.509667
update 24540/28931 loss 1.495146
update 24550/28931 loss 1.379426
update 24560/28931 loss 1.500446
update 24570/28931 loss 1.369824
update 24580/28931 loss 1.492170
update 24590/28931 loss 1.570431
update 24600/28931 loss 1.344632
update 24610/28931 loss 1.504527
update 24620/28931 loss 1.497339
update 24630/28931 loss 1.425257
update 24640/28931 loss 1.495620
update 24650/28931 loss 1.444818
update 24660/28931 loss 1.434965
update 24670/28931 loss 1.517781
update 24680/28931 loss 1.441467
update 24690/28931 loss 1.387765
update 24700/28931 loss 1.545620
update 24710/28931 loss 1.576794
update 24720/28931 loss 1.412820
update 24730/28931 loss 1.406103
update 24740/28931 loss 1.492290
update 24750/28931 loss 1.575837
update 24760/28931 loss 1.358577
update 24770/28931 loss 1.547668
update 24780/28931 loss 1.442222
update 24790/28931 loss 1.492424
update 24800/28931 loss 1.373998
update 24810/28931 loss 1.372340
update 24820/28931 loss 1.522506
update 24830/28931 loss 1.483154
update 24840/28931 loss 1.380122
update 24850/28931 loss 1.462013
update 24860/28931 loss 1.467922
update 24870/28931 loss 1.506121
update 24880/28931 loss 1.496735
update 24890/28931 loss 1.404704
update 24900/28931 loss 1.489727
update 24910/28931 loss 1.475925
update 24920/28931 loss 1.469699
update 24930/28931 loss 1.456807
update 24940/28931 loss 1.472136
update 24950/28931 loss 1.450919
update 24960/28931 loss 1.415895
update 24970/28931 loss 1.442555
update 24980/28931 loss 1.532872
update 24990/28931 loss 1.547910
update 25000/28931 loss 1.418195
update 25010/28931 loss 1.440947
update 25020/28931 loss 1.369674
update 25030/28931 loss 1.455225
update 25040/28931 loss 1.600446
update 25050/28931 loss 1.470296
update 25060/28931 loss 1.438119
update 25070/28931 loss 1.351551
update 25080/28931 loss 1.532076
update 25090/28931 loss 1.484253
update 25100/28931 loss 1.420239
update 25110/28931 loss 1.428257
update 25120/28931 loss 1.497446
update 25130/28931 loss 1.508852
update 25140/28931 loss 1.587528
update 25150/28931 loss 1.477869
update 25160/28931 loss 1.460802
update 25170/28931 loss 1.513389
update 25180/28931 loss 1.581029
update 25190/28931 loss 1.491875
update 25200/28931 loss 1.503676
update 25210/28931 loss 1.553542
update 25220/28931 loss 1.526143
update 25230/28931 loss 1.514470
update 25240/28931 loss 1.502755
update 25250/28931 loss 1.489812
update 25260/28931 loss 1.522057
update 25270/28931 loss 1.489478
update 25280/28931 loss 1.522406
update 25290/28931 loss 1.514782
update 25300/28931 loss 1.483724
update 25310/28931 loss 1.464837
update 25320/28931 loss 1.479038
update 25330/28931 loss 1.573983
update 25340/28931 loss 1.453116
update 25350/28931 loss 1.583543
update 25360/28931 loss 1.505649
update 25370/28931 loss 1.597266
update 25380/28931 loss 1.575538
update 25390/28931 loss 1.518636
update 25400/28931 loss 1.520335
update 25410/28931 loss 1.460823
update 25420/28931 loss 1.499670
update 25430/28931 loss 1.426325
update 25440/28931 loss 1.537336
update 25450/28931 loss 1.544700
update 25460/28931 loss 1.472339
update 25470/28931 loss 1.453086
update 25480/28931 loss 1.460455
update 25490/28931 loss 1.501851
update 25500/28931 loss 1.435471
update 25510/28931 loss 1.459421
update 25520/28931 loss 1.434983
update 25530/28931 loss 1.523717
update 25540/28931 loss 1.531999
update 25550/28931 loss 1.363616
update 25560/28931 loss 1.405401
update 25570/28931 loss 1.525923
update 25580/28931 loss 1.483912
update 25590/28931 loss 1.431843
update 25600/28931 loss 1.431555
update 25610/28931 loss 1.569422
update 25620/28931 loss 1.500274
update 25630/28931 loss 1.445043
update 25640/28931 loss 1.480008
update 25650/28931 loss 1.401485
update 25660/28931 loss 1.450692
update 25670/28931 loss 1.425133
update 25680/28931 loss 1.444012
update 25690/28931 loss 1.511101
update 25700/28931 loss 1.462358
update 25710/28931 loss 1.384728
update 25720/28931 loss 1.535884
update 25730/28931 loss 1.530228
update 25740/28931 loss 1.565488
update 25750/28931 loss 1.503955
update 25760/28931 loss 1.542256
update 25770/28931 loss 1.614690
update 25780/28931 loss 1.488997
update 25790/28931 loss 1.377165
update 25800/28931 loss 1.493248
update 25810/28931 loss 1.517622
update 25820/28931 loss 1.483573
update 25830/28931 loss 1.518154
update 25840/28931 loss 1.622287
update 25850/28931 loss 1.529183
update 25860/28931 loss 1.417550
update 25870/28931 loss 1.498802
update 25880/28931 loss 1.510436
update 25890/28931 loss 1.575324
update 25900/28931 loss 1.592688
update 25910/28931 loss 1.486623
update 25920/28931 loss 1.668806
update 25930/28931 loss 1.448586
update 25940/28931 loss 1.557676
update 25950/28931 loss 1.572468
update 25960/28931 loss 1.541136
update 25970/28931 loss 1.478676
update 25980/28931 loss 1.440471
update 25990/28931 loss 1.455230
update 26000/28931 loss 1.605095
update 26010/28931 loss 1.457158
update 26020/28931 loss 1.448734
update 26030/28931 loss 1.451152
update 26040/28931 loss 1.482980
update 26050/28931 loss 1.526471
update 26060/28931 loss 1.382283
update 26070/28931 loss 1.592867
update 26080/28931 loss 1.448204
update 26090/28931 loss 1.539760
update 26100/28931 loss 1.478479
update 26110/28931 loss 1.553154
update 26120/28931 loss 1.367267
update 26130/28931 loss 1.528669
update 26140/28931 loss 1.498870
update 26150/28931 loss 1.492390
update 26160/28931 loss 1.584679
update 26170/28931 loss 1.471137
update 26180/28931 loss 1.554953
update 26190/28931 loss 1.527821
update 26200/28931 loss 1.375470
update 26210/28931 loss 1.533131
update 26220/28931 loss 1.517728
update 26230/28931 loss 1.528792
update 26240/28931 loss 1.492422
update 26250/28931 loss 1.413108
update 26260/28931 loss 1.384967
update 26270/28931 loss 1.483107
update 26280/28931 loss 1.615609
update 26290/28931 loss 1.475400
update 26300/28931 loss 1.480377
update 26310/28931 loss 1.535228
update 26320/28931 loss 1.531692
update 26330/28931 loss 1.575801
update 26340/28931 loss 1.510913
update 26350/28931 loss 1.555438
update 26360/28931 loss 1.422447
update 26370/28931 loss 1.494669
update 26380/28931 loss 1.488169
update 26390/28931 loss 1.425800
update 26400/28931 loss 1.406766
update 26410/28931 loss 1.391281
update 26420/28931 loss 1.393908
update 26430/28931 loss 1.521822
update 26440/28931 loss 1.557260
update 26450/28931 loss 1.508564
update 26460/28931 loss 1.464638
update 26470/28931 loss 1.462123
update 26480/28931 loss 1.594581
update 26490/28931 loss 1.559184
update 26500/28931 loss 1.503507
update 26510/28931 loss 1.552452
update 26520/28931 loss 1.452103
update 26530/28931 loss 1.405876
update 26540/28931 loss 1.475207
update 26550/28931 loss 1.540705
update 26560/28931 loss 1.392231
update 26570/28931 loss 1.410323
update 26580/28931 loss 1.556373
update 26590/28931 loss 1.527670
update 26600/28931 loss 1.480920
update 26610/28931 loss 1.513843
update 26620/28931 loss 1.522205
update 26630/28931 loss 1.369367
update 26640/28931 loss 1.416306
update 26650/28931 loss 1.426863
update 26660/28931 loss 1.447773
update 26670/28931 loss 1.552094
update 26680/28931 loss 1.409386
update 26690/28931 loss 1.401502
update 26700/28931 loss 1.499875
update 26710/28931 loss 1.427664
update 26720/28931 loss 1.365972
update 26730/28931 loss 1.543875
update 26740/28931 loss 1.526520
update 26750/28931 loss 1.566530
update 26760/28931 loss 1.464919
update 26770/28931 loss 1.343186
update 26780/28931 loss 1.369556
update 26790/28931 loss 1.568924
update 26800/28931 loss 1.477683
update 26810/28931 loss 1.558589
update 26820/28931 loss 1.378127
update 26830/28931 loss 1.474590
update 26840/28931 loss 1.442063
update 26850/28931 loss 1.521245
update 26860/28931 loss 1.438550
update 26870/28931 loss 1.512215
update 26880/28931 loss 1.610420
update 26890/28931 loss 1.559542
update 26900/28931 loss 1.508332
update 26910/28931 loss 1.401880
update 26920/28931 loss 1.503128
update 26930/28931 loss 1.527108
update 26940/28931 loss 1.522487
update 26950/28931 loss 1.518102
update 26960/28931 loss 1.358810
update 26970/28931 loss 1.557122
update 26980/28931 loss 1.496778
update 26990/28931 loss 1.411915
update 27000/28931 loss 1.569229
update 27010/28931 loss 1.496410
update 27020/28931 loss 1.406285
update 27030/28931 loss 1.517939
update 27040/28931 loss 1.551584
update 27050/28931 loss 1.441905
update 27060/28931 loss 1.400556
update 27070/28931 loss 1.430031
update 27080/28931 loss 1.324899
update 27090/28931 loss 1.521639
update 27100/28931 loss 1.503855
update 27110/28931 loss 1.497145
update 27120/28931 loss 1.398392
update 27130/28931 loss 1.545031
update 27140/28931 loss 1.642328
update 27150/28931 loss 1.478400
update 27160/28931 loss 1.545428
update 27170/28931 loss 1.490285
update 27180/28931 loss 1.550250
update 27190/28931 loss 1.509292
update 27200/28931 loss 1.519082
update 27210/28931 loss 1.421663
update 27220/28931 loss 1.513042
update 27230/28931 loss 1.463775
update 27240/28931 loss 1.398491
update 27250/28931 loss 1.477126
update 27260/28931 loss 1.506050
update 27270/28931 loss 1.612493
update 27280/28931 loss 1.490897
update 27290/28931 loss 1.500965
update 27300/28931 loss 1.531396
update 27310/28931 loss 1.560322
update 27320/28931 loss 1.471079
update 27330/28931 loss 1.436337
update 27340/28931 loss 1.534698
update 27350/28931 loss 1.504565
update 27360/28931 loss 1.432880
update 27370/28931 loss 1.582592
update 27380/28931 loss 1.624017
update 27390/28931 loss 1.383814
update 27400/28931 loss 1.438813
update 27410/28931 loss 1.563619
update 27420/28931 loss 1.525149
update 27430/28931 loss 1.607135
update 27440/28931 loss 1.504707
update 27450/28931 loss 1.491805
update 27460/28931 loss 1.435824
update 27470/28931 loss 1.470916
update 27480/28931 loss 1.574147
update 27490/28931 loss 1.403733
update 27500/28931 loss 1.460677
update 27510/28931 loss 1.616552
update 27520/28931 loss 1.562321
update 27530/28931 loss 1.456931
update 27540/28931 loss 1.399636
update 27550/28931 loss 1.494257
update 27560/28931 loss 1.479855
update 27570/28931 loss 1.571113
update 27580/28931 loss 1.389510
update 27590/28931 loss 1.465583
update 27600/28931 loss 1.541678
update 27610/28931 loss 1.519990
update 27620/28931 loss 1.537163
update 27630/28931 loss 1.586052
update 27640/28931 loss 1.521363
update 27650/28931 loss 1.474651
update 27660/28931 loss 1.415354
update 27670/28931 loss 1.461182
update 27680/28931 loss 1.523980
update 27690/28931 loss 1.574687
update 27700/28931 loss 1.555208
update 27710/28931 loss 1.407119
update 27720/28931 loss 1.654492
update 27730/28931 loss 1.422503
update 27740/28931 loss 1.423864
update 27750/28931 loss 1.605572
update 27760/28931 loss 1.571518
update 27770/28931 loss 1.457015
update 27780/28931 loss 1.472462
update 27790/28931 loss 1.568368
update 27800/28931 loss 1.544841
update 27810/28931 loss 1.586046
update 27820/28931 loss 1.422007
update 27830/28931 loss 1.495996
update 27840/28931 loss 1.546070
update 27850/28931 loss 1.502361
update 27860/28931 loss 1.393886
update 27870/28931 loss 1.505599
update 27880/28931 loss 1.427645
update 27890/28931 loss 1.414826
update 27900/28931 loss 1.481276
update 27910/28931 loss 1.509063
update 27920/28931 loss 1.451250
update 27930/28931 loss 1.392180
update 27940/28931 loss 1.500065
update 27950/28931 loss 1.527789
update 27960/28931 loss 1.530960
update 27970/28931 loss 1.332107
update 27980/28931 loss 1.380069
update 27990/28931 loss 1.489349
update 28000/28931 loss 1.491614
update 28010/28931 loss 1.436586
update 28020/28931 loss 1.449876
update 28030/28931 loss 1.541052
update 28040/28931 loss 1.442472
update 28050/28931 loss 1.559464
update 28060/28931 loss 1.517817
update 28070/28931 loss 1.411923
update 28080/28931 loss 1.389019
update 28090/28931 loss 1.524467
update 28100/28931 loss 1.494959
update 28110/28931 loss 1.482369
update 28120/28931 loss 1.445892
update 28130/28931 loss 1.527143
update 28140/28931 loss 1.429215
update 28150/28931 loss 1.500480
update 28160/28931 loss 1.461240
update 28170/28931 loss 1.437140
update 28180/28931 loss 1.613818
update 28190/28931 loss 1.427129
update 28200/28931 loss 1.588123
update 28210/28931 loss 1.371820
update 28220/28931 loss 1.475112
update 28230/28931 loss 1.470918
update 28240/28931 loss 1.410995
update 28250/28931 loss 1.524854
update 28260/28931 loss 1.485000
update 28270/28931 loss 1.410194
update 28280/28931 loss 1.487552
update 28290/28931 loss 1.423172
update 28300/28931 loss 1.416851
update 28310/28931 loss 1.443126
update 28320/28931 loss 1.445396
update 28330/28931 loss 1.404625
update 28340/28931 loss 1.684847
update 28350/28931 loss 1.523700
update 28360/28931 loss 1.471291
update 28370/28931 loss 1.413172
update 28380/28931 loss 1.448254
update 28390/28931 loss 1.517052
update 28400/28931 loss 1.377547
update 28410/28931 loss 1.418098
update 28420/28931 loss 1.586992
update 28430/28931 loss 1.420260
update 28440/28931 loss 1.589863
update 28450/28931 loss 1.439362
update 28460/28931 loss 1.533722
update 28470/28931 loss 1.526021
update 28480/28931 loss 1.528763
update 28490/28931 loss 1.484247
update 28500/28931 loss 1.627715
update 28510/28931 loss 1.517810
update 28520/28931 loss 1.467105
update 28530/28931 loss 1.527744
update 28540/28931 loss 1.409654
update 28550/28931 loss 1.382842
update 28560/28931 loss 1.441762
update 28570/28931 loss 1.454865
update 28580/28931 loss 1.400587
update 28590/28931 loss 1.519370
update 28600/28931 loss 1.502338
update 28610/28931 loss 1.498057
update 28620/28931 loss 1.386342
update 28630/28931 loss 1.481668
update 28640/28931 loss 1.502537
update 28650/28931 loss 1.486010
update 28660/28931 loss 1.479794
update 28670/28931 loss 1.457324
update 28680/28931 loss 1.369362
update 28690/28931 loss 1.471357
update 28700/28931 loss 1.446123
update 28710/28931 loss 1.385071
update 28720/28931 loss 1.600158
update 28730/28931 loss 1.535593
update 28740/28931 loss 1.482404
update 28750/28931 loss 1.479312
update 28760/28931 loss 1.530647
update 28770/28931 loss 1.488277
update 28780/28931 loss 1.343046
update 28790/28931 loss 1.380041
update 28800/28931 loss 1.543728
update 28810/28931 loss 1.584708
update 28820/28931 loss 1.523035
update 28830/28931 loss 1.529090
update 28840/28931 loss 1.508294
update 28850/28931 loss 1.401035
update 28860/28931 loss 1.400058
update 28870/28931 loss 1.465130
update 28880/28931 loss 1.419059
update 28890/28931 loss 1.500202
update 28900/28931 loss 1.562471
update 28910/28931 loss 1.552228
update 28920/28931 loss 1.422595
update 28930/28931 loss 1.480616
saved results/c5_coverage/4gpu_full/checkpoint.pt and results/c5_coverage/4gpu_full/result.json
