NCCL version 2.29.7+cuda13.2
number of parameters: 50.91M
number of parameters: 50.91M
number of parameters: 50.91M
number of parameters: 50.91M
[2026-10-07 14:59:30,204] [WARNING] [torch_autocast.py:122:autocast_if_enabled] torch.autocast is enabled outside DeepSpeed but disabled within the DeepSpeed engine. If you are using DeepSpeed's built-in mixed precision, the engine will follow the settings in bf16/fp16 section. To use torch's native autocast instead, configure the `torch_autocast` section in the DeepSpeed config.
ZeRO-2 update 1/2 loss 10.875000
ZeRO-2 update 2/2 loss 10.000000
saved results/c_checkpoint_metrics/deepspeed_zero2_save/result.json
NCCL version 2.29.7+cuda13.2
number of parameters: 50.91M
number of parameters: 50.91M
number of parameters: 50.91M
number of parameters: 50.91M
[2026-10-07 14:59:47,522] [WARNING] [torch_autocast.py:122:autocast_if_enabled] torch.autocast is enabled outside DeepSpeed but disabled within the DeepSpeed engine. If you are using DeepSpeed's built-in mixed precision, the engine will follow the settings in bf16/fp16 section. To use torch's native autocast instead, configure the `torch_autocast` section in the DeepSpeed config.
ZeRO-2 update 3/3 loss 9.562500
saved results/c_checkpoint_metrics/deepspeed_zero2_resume/result.json
Processing zero checkpoint 'results/c_checkpoint_metrics/deepspeed_zero2_save/checkpoints/update-00000002'
Parsing checkpoint created by deepspeed==0.19.7
Loading checkpoint shards:   0%|          | 0/4 [00:00<?, ?it/s]Loading checkpoint shards: 100%|██████████| 4/4 [00:00<00:00, 1429.06it/s]
Detected checkpoint of type zero stage ZeroStageEnum.gradients, world_size: 4
Reconstructed fp32 state dict with 51 params 51168256 elements
number of parameters: 50.91M
{
  "schema_version": 1,
  "created_at_utc": "2026-10-07T06:59:56.547422+00:00",
  "status": "pass",
  "zero_stage": 2,
  "checkpoint_dir": "results/c_checkpoint_metrics/deepspeed_zero2_save/checkpoints",
  "checkpoint_tag": "update-00000002",
  "checkpoint": {
    "file_count": 5,
    "total_bytes": 716399417,
    "files": [
      "bf16_zero_pp_rank_0_mp_rank_00_optim_states.pt",
      "bf16_zero_pp_rank_1_mp_rank_00_optim_states.pt",
      "bf16_zero_pp_rank_2_mp_rank_00_optim_states.pt",
      "bf16_zero_pp_rank_3_mp_rank_00_optim_states.pt",
      "mp_rank_00_model_states.pt"
    ]
  },
  "merge_seconds": 0.1397695392370224,
  "strict_load_seconds": 0.007067367434501648,
  "peak_process_rss_bytes": 1465614336,
  "window_prefix_sha256": "76a497a019b9b35da76d60d1fff6b7e38514a3eff23ec9687e35b791d03268cf",
  "strict_load_missing_keys": [],
  "strict_load_unexpected_keys": [],
  "tensor_count": 52,
  "parameter_count": 51168256,
  "model_state_sha256": "da5e1f4a75d556b07b1726151321f89d9dc43e4410c3cdbaaaf846979559bb0b",
  "fixed_input_logits_sha256": "434b2b417c6d8b01fb3ea3f02e4a5606942aac81611e7861a93c2962f75dafba",
  "merged_output": "results/c_checkpoint_metrics/deepspeed_zero2_save/merged_fp32.pt",
  "merged_output_bytes": 204679773,
  "signature": {
    "backend": "deepspeed",
    "zero_stage": 2,
    "data_manifest_sha256": "a78483466860d1b5e149b74678458056e0dd87151df69610c4923fec75aad8a3",
    "block_size": 512,
    "batch_size": 8,
    "global_windows_per_update": 32,
    "world_size": 4,
    "tail_policy": "pad",
    "data_seed": 20260920,
    "model_seed": 1337,
    "n_layer": 8,
    "n_head": 8,
    "n_embd": 512,
    "dropout": 0.0,
    "bias": false,
    "dtype": "bfloat16",
    "learning_rate": 0.0003,
    "weight_decay": 0.1,
    "beta1": 0.9,
    "beta2": 0.95,
    "fused_optimizer": true,
    "updates_per_epoch": 132
  }
}
NCCL version 2.29.7+cuda13.2
number of parameters: 50.91M
number of parameters: 50.91M
number of parameters: 50.91M
number of parameters: 50.91M
[2026-10-07 15:00:11,920] [WARNING] [torch_autocast.py:122:autocast_if_enabled] torch.autocast is enabled outside DeepSpeed but disabled within the DeepSpeed engine. If you are using DeepSpeed's built-in mixed precision, the engine will follow the settings in bf16/fp16 section. To use torch's native autocast instead, configure the `torch_autocast` section in the DeepSpeed config.
ZeRO-3 update 1/2 loss 10.875000
ZeRO-3 update 2/2 loss 10.000000
saved results/c_checkpoint_metrics/deepspeed_zero3_save/result.json
NCCL version 2.29.7+cuda13.2
number of parameters: 50.91M
number of parameters: 50.91M
number of parameters: 50.91M
number of parameters: 50.91M
[2026-10-07 15:00:26,156] [WARNING] [torch_autocast.py:122:autocast_if_enabled] torch.autocast is enabled outside DeepSpeed but disabled within the DeepSpeed engine. If you are using DeepSpeed's built-in mixed precision, the engine will follow the settings in bf16/fp16 section. To use torch's native autocast instead, configure the `torch_autocast` section in the DeepSpeed config.
ZeRO-3 update 3/3 loss 9.562500
saved results/c_checkpoint_metrics/deepspeed_zero3_resume/result.json
Processing zero checkpoint 'results/c_checkpoint_metrics/deepspeed_zero3_save/checkpoints/update-00000002'
Parsing checkpoint created by deepspeed==0.19.7
Loading checkpoint shards:   0%|          | 0/4 [00:00<?, ?it/s]Loading checkpoint shards: 100%|██████████| 4/4 [00:00<00:00, 1559.22it/s]
Detected checkpoint of type zero stage ZeroStageEnum.weights, world_size: 4
Gathering sharded weights:   0%|          | 0/51 [00:00<?, ?it/s]Gathering sharded weights: 100%|██████████| 51/51 [00:00<00:00, 388220.52it/s]
Reconstructed Trainable fp32 state dict with 51 params 51168256 elements
number of parameters: 50.91M
{
  "schema_version": 1,
  "created_at_utc": "2026-10-07T07:00:35.845512+00:00",
  "status": "pass",
  "zero_stage": 3,
  "checkpoint_dir": "results/c_checkpoint_metrics/deepspeed_zero3_save/checkpoints",
  "checkpoint_tag": "update-00000002",
  "checkpoint": {
    "file_count": 8,
    "total_bytes": 614157848,
    "files": [
      "bf16_zero_pp_rank_0_mp_rank_00_optim_states.pt",
      "bf16_zero_pp_rank_1_mp_rank_00_optim_states.pt",
      "bf16_zero_pp_rank_2_mp_rank_00_optim_states.pt",
      "bf16_zero_pp_rank_3_mp_rank_00_optim_states.pt",
      "zero_pp_rank_0_mp_rank_00_model_states.pt",
      "zero_pp_rank_1_mp_rank_00_model_states.pt",
      "zero_pp_rank_2_mp_rank_00_model_states.pt",
      "zero_pp_rank_3_mp_rank_00_model_states.pt"
    ]
  },
  "merge_seconds": 0.07871546596288681,
  "strict_load_seconds": 0.006278760731220245,
  "peak_process_rss_bytes": 1458065408,
  "window_prefix_sha256": "76a497a019b9b35da76d60d1fff6b7e38514a3eff23ec9687e35b791d03268cf",
  "strict_load_missing_keys": [],
  "strict_load_unexpected_keys": [],
  "tensor_count": 52,
  "parameter_count": 51168256,
  "model_state_sha256": "f0bdcce40b3a902b1441b83a4b3599040d1f8504939e26f8ab38b1f4e2977932",
  "fixed_input_logits_sha256": "04a791329fd4ef5abab721901f495c7f4b178f2187e9b9687a220d3034cf1b9b",
  "merged_output": "results/c_checkpoint_metrics/deepspeed_zero3_save/merged_fp32.pt",
  "merged_output_bytes": 204689753,
  "signature": {
    "backend": "deepspeed",
    "zero_stage": 3,
    "data_manifest_sha256": "a78483466860d1b5e149b74678458056e0dd87151df69610c4923fec75aad8a3",
    "block_size": 512,
    "batch_size": 8,
    "global_windows_per_update": 32,
    "world_size": 4,
    "tail_policy": "pad",
    "data_seed": 20260920,
    "model_seed": 1337,
    "n_layer": 8,
    "n_head": 8,
    "n_embd": 512,
    "dropout": 0.0,
    "bias": false,
    "dtype": "bfloat16",
    "learning_rate": 0.0003,
    "weight_decay": 0.1,
    "beta1": 0.9,
    "beta2": 0.95,
    "fused_optimizer": true,
    "updates_per_epoch": 132
  }
}
NCCL version 2.29.7+cuda13.2
number of parameters: 50.91M
number of parameters: 50.91M
number of parameters: 50.91M
number of parameters: 50.91M
FSDP2 update 1/2 loss 10.875000
FSDP2 update 2/2 loss 10.000000
saved results/c_checkpoint_metrics/fsdp2_save/result.json
NCCL version 2.29.7+cuda13.2
number of parameters: 50.91M
number of parameters: 50.91M
number of parameters: 50.91M
number of parameters: 50.91M
FSDP2 update 3/3 loss 9.562500
saved results/c_checkpoint_metrics/fsdp2_resume/result.json
C checkpoint summary
  deepspeed ZeRO-2: 5 files, 683.2 MiB, save 0.424s, load 0.3530791252851486
  deepspeed ZeRO-2: 5 files, 683.2 MiB, save 0.434s, load None
  deepspeed ZeRO-3: 8 files, 585.7 MiB, save 0.294s, load 0.15386845916509628
  deepspeed ZeRO-3: 8 files, 585.7 MiB, save 0.255s, load None
  fsdp2: 10 files, 685.0 MiB, save 0.533s, load 0.7113961651921272
  fsdp2: 10 files, 685.0 MiB, save 0.794s, load None
wrote results/c_checkpoint_metrics/summary.json
